data/avocado_new.csv
,Unnamed: 0,Date,AveragePrice,Total Volume,4046,4225,4770,Total Bags,Small Bags,Large Bags,XLarge Bags,type,year,region
0,41,2015-03-15,1.15,297855.71,171702.03,44167.57,18024.31,63961.8,58791.05,5170.75,0.0,conventional,2015,SouthCarolina
20,7,2017-11-12,1.23,340345.0,165782.0,55018.0,2954.0,116591.0,90110.0,24929.0,1552.0,conventional,2017,SouthCarolina
37,52,2017-01-01,1.0,402162.87,166822.96,105262.07,5223.2,124854.64,57344.89,67509.75,0.0,conventional,2017,SouthCarolina
39,46,2016-02-07,0.69,593759.78,307135.68,151185.73,13083.51,122354.86,61003.56,61340.53,10.77,conventional,2016,SouthCarolina
103,5,2017-11-26,1.25,269322.0,125872.0,47631.0,2004.0,93815.0,72283.0,19651.0,1882.0,conventional,2017,SouthCarolina
200,2,2018-03-11,1.13,482065.76,217013.42,79944.64,4374.67,180733.03,141288.83,36165.79,3278.41,conventional,2018,SouthCarolina
828,44,2015-02-22,1.02,332918.7,193228.98,45809.76,23875.57,70004.39,64068.23,5936.16,0.0,conventional,2015,SouthCarolina
846,6,2017-11-19,1.23,295766.0,136349.0,49469.0,2736.0,107212.0,81408.0,23870.0,1933.0,conventional,2017,SouthCarolina
871,40,2015-03-22,1.0,366680.0,218785.98,48984.19,15237.87,83671.96,71610.52,12061.44,0.0,conventional,2015,SouthCarolina
2,19,2016-08-14,1.27,169421.1,15863.47,79507.42,4255.36,69794.85,39950.23,28559.62,1285.0,conventional,2016,Indianapolis
123,11,2017-10-15,1.76,120662.74,9351.2,52216.91,631.41,58463.22,27096.14,31344.37,22.71,conventional,2017,Indianapolis
285,31,2017-05-28,1.19,188284.12,11651.62,77776.16,1540.83,97315.51,45525.97,51742.05,47.49,conventional,2017,Indianapolis
325,40,2015-03-22,1.11,160557.81,3961.0,102319.13,15542.64,38735.04,19721.51,16305.28,2708.25,conventional,2015,Indianapolis
369,36,2015-04-19,1.08,179103.3,12091.85,106308.89,10136.69,50565.87,35778.37,13533.9,1253.6,conventional,2015,Indianapolis
480,9,2016-10-23,1.31,142946.23,7986.6,65584.52,2219.92,67155.19,28373.94,38779.76,1.49,conventional,2016,Indianapolis
581,34,2016-05-01,0.92,207488.02,16727.66,106590.22,12071.46,72098.68,43567.48,26781.76,1749.44,conventional,2016,Indianapolis
698,37,2015-04-12,1.15,146422.18,13496.9,86722.03,2457.5,43745.75,33143.47,10414.35,187.93,conventional,2015,Indianapolis
729,6,2016-11-13,1.29,127579.36,8852.56,56481.59,1724.7,60520.51,31532.27,28946.57,41.67,conventional,2016,Indianapolis
786,11,2018-01-07,0.95,241296.05,77536.48,52880.27,15323.48,95555.82,88828.8,6694.44,32.58,conventional,2018,Indianapolis
795,39,2017-04-02,1.26,166588.45,11375.5,61512.67,1452.17,92248.11,45777.12,46455.38,15.61,conventional,2017,Indianapolis
4,42,2015-03-08,1.21,2297509.11,545690.6,949015.34,179824.24,622978.93,588931.15,33275.04,772.74,conventional,2015,Midsouth
12,43,2015-03-01,1.14,2538981.6,620672.44,1151353.87,182873.34,584081.95,543841.07,37011.94,3228.94,conventional,2015,Midsouth
271,30,2015-05-31,1.14,3039403.06,734816.3,1377202.12,207708.91,719675.73,661787.82,56794.41,1093.5,conventional,2015,Midsouth
313,17,2017-09-03,1.54,2561783.52,512114.91,1135717.01,24649.0,889302.6,747801.46,116289.45,25211.69,conventional,2017,Midsouth
410,16,2015-09-06,1.08,3013825.75,564493.74,1458691.19,314497.84,676142.98,598816.21,75569.59,1757.18,conventional,2015,Midsouth
427,4,2018-02-25,1.24,3349766.24,786103.03,1219846.07,25950.6,1317866.54,1104688.0,201778.2,11400.34,conventional,2018,Midsouth
743,1,2015-12-20,1.05,2044020.93,446433.13,1024405.09,96387.48,476795.23,434534.42,38523.1,3737.71,conventional,2015,Midsouth
778,35,2015-04-26,1.2,2699614.5,698128.52,1125853.0,192090.19,683542.79,642966.9,39078.44,1497.45,conventional,2015,Midsouth
855,40,2017-03-26,1.33,3162600.85,673395.8,1328645.97,33096.36,1127462.72,988523.65,135004.05,3935.02,conventional,2017,Midsouth
909,46,2015-02-08,1.06,2734006.98,732854.05,1222159.62,159491.59,619501.72,543231.71,75649.4,620.61,conventional,2015,Midsouth
5,5,2017-11-26,1.41,270865.0,7679.0,210476.0,1350.0,51360.0,15877.0,35483.0,0.0,conventional,2017,NorthernNewEngland
42,17,2016-08-28,1.08,573338.65,211564.36,287750.3,4901.82,69122.17,67069.76,22.41,2030.0,conventional,2016,NorthernNewEngland
171,37,2015-04-12,1.16,306250.63,2160.72,214309.89,58.52,89721.5,89699.64,21.86,0.0,conventional,2015,NorthernNewEngland
242,31,2017-05-28,1.66,445049.68,10552.04,357297.24,2336.14,74864.26,41798.08,32252.85,813.33,conventional,2017,NorthernNewEngland
250,6,2018-02-11,1.11,617475.89,19640.0,512849.57,3564.09,81422.23,35046.08,45221.71,1154.44,conventional,2018,NorthernNewEngland
258,45,2015-02-15,1.11,288514.78,2897.82,232117.81,33.13,53466.02,53303.8,162.22,0.0,conventional,2015,NorthernNewEngland
263,32,2017-05-21,1.54,393289.53,10135.32,314676.72,2188.89,66288.6,34182.37,32016.23,90.0,conventional,2017,NorthernNewEngland
294,0,2016-12-25,1.24,325634.21,12140.61,257987.85,2878.28,52627.47,52623.03,4.44,0.0,conventional,2016,NorthernNewEngland
320,30,2017-06-04,1.66,401637.7,8209.2,322243.99,2107.52,69076.99,31580.39,36384.93,1111.67,conventional,2017,NorthernNewEngland
460,21,2016-07-31,1.49,435129.36,79930.71,239638.1,6617.7,108942.85,107009.09,3.76,1930.0,conventional,2016,NorthernNewEngland
604,24,2016-07-10,1.06,569327.81,134476.2,339263.01,10102.89,85485.71,77486.39,4.32,7995.0,conventional,2016,NorthernNewEngland
699,50,2016-01-10,1.24,343406.89,2398.06,270035.12,11133.28,59840.43,59836.86,3.57,0.0,conventional,2016,NorthernNewEngland
796,41,2015-03-15,1.15,301852.8,6236.37,247092.81,90.6,48433.02,48390.8,42.22,0.0,conventional,2015,NorthernNewEngland
867,44,2016-02-21,1.16,380427.08,3997.91,278339.49,26089.16,72000.52,70056.97,1943.55,0.0,conventional,2016,NorthernNewEngland
892,4,2016-11-27,1.41,262748.42,11304.04,210220.02,2392.56,38831.8,38831.8,0.0,0.0,conventional,2016,NorthernNewEngland
7,49,2017-01-22,1.57,1880.89,19.02,65.93,0.0,1795.94,1795.94,0.0,0.0,organic,2017,Syracuse
118,15,2017-09-17,1.43,4674.76,120.62,66.66,0.0,4487.48,4247.07,240.41,0.0,organic,2017,Syracuse
257,24,2016-07-10,1.64,2872.1,0.0,51.22,0.0,2820.88,2024.16,796.72,0.0,organic,2016,Syracuse
321,0,2015-12-27,1.54,1652.19,0.0,73.22,0.0,1578.97,1336.27,242.7,0.0,organic,2015,Syracuse
573,11,2018-01-07,1.25,4764.47,59.95,133.89,0.0,4570.63,3125.05,1445.58,0.0,organic,2018,Syracuse
631,10,2017-10-22,1.35,5189.51,74.88,74.94,0.0,5039.69,5039.69,0.0,0.0,organic,2017,Syracuse
696,29,2016-06-05,1.42,3058.43,0.0,106.83,0.0,2951.6,1899.83,1051.77,0.0,organic,2016,Syracuse
886,2,2017-12-17,1.18,4667.9,53.38,45.57,0.0,4568.95,2210.43,2358.52,0.0,organic,2017,Syracuse
8,2,2016-12-11,0.76,5031206.93,2633723.49,987150.16,18326.63,1392006.65,939911.81,435548.82,16546.02,conventional,2016,SouthCentral
141,0,2017-12-31,0.85,6150665.32,2819105.97,1288524.97,22204.28,2020830.1,1456270.21,563984.42,575.47,conventional,2017,SouthCentral
356,11,2016-10-09,1.0,5416591.81,2650640.81,1376612.19,32866.62,1356472.19,1118452.81,222546.73,15472.65,conventional,2016,SouthCentral
517,19,2017-08-20,1.06,5412866.59,2733435.14,1013579.35,9937.85,1655914.25,962288.29,683111.22,10514.74,conventional,2017,SouthCentral
535,39,2016-03-27,0.77,6553308.82,3137633.27,1507245.05,660825.04,1247605.46,951743.56,288346.1,7515.8,conventional,2016,SouthCentral
582,52,2017-01-01,0.64,6687273.64,3587283.29,1719720.01,27548.73,1352721.61,1105953.16,230434.03,16334.42,conventional,2017,SouthCentral
756,46,2016-02-07,0.7,7606351.8,3823016.0,1930304.29,804558.25,1048473.26,756322.54,197394.7,94756.02,conventional,2016,SouthCentral
900,1,2017-12-24,1.0,5140296.84,2608912.51,875474.02,19843.89,1636066.42,1229407.46,406416.57,242.39,conventional,2017,SouthCentral
9,29,2017-06-11,1.61,150302.38,3919.7,51398.57,1205.25,93778.86,45391.71,48387.15,0.0,organic,2017,Midsouth
32,6,2017-11-19,1.82,108987.74,2266.66,33847.74,487.56,72385.78,70589.95,1795.83,0.0,organic,2017,Midsouth
54,31,2015-05-24,1.37,107181.78,9466.95,54218.49,5347.87,38148.47,22674.58,15473.89,0.0,organic,2015,Midsouth
186,37,2016-04-10,1.18,143035.65,3698.97,67804.99,2131.31,69400.38,45422.41,23977.97,0.0,organic,2016,Midsouth
198,4,2016-11-27,1.7,86492.45,2136.81,31954.82,1694.84,50705.98,30998.32,19707.66,0.0,organic,2016,Midsouth
225,7,2015-11-08,1.66,49231.83,4884.66,24573.94,3121.29,16651.94,13541.29,3110.65,0.0,organic,2015,Midsouth
267,13,2016-09-25,1.74,107211.26,2302.63,47284.79,2195.54,55428.3,41196.46,14231.84,0.0,organic,2016,Midsouth
381,26,2017-07-02,1.78,120458.72,2774.67,52195.81,1321.72,64166.52,34038.53,30127.99,0.0,organic,2017,Midsouth
426,48,2016-01-24,1.54,72219.0,2773.18,31751.72,2076.27,35617.83,18577.2,17040.63,0.0,organic,2016,Midsouth
490,6,2016-11-13,1.53,106921.43,2504.28,37374.61,2201.69,64840.85,31432.23,33408.62,0.0,organic,2016,Midsouth
10,44,2017-02-26,0.79,864199.16,471215.82,67019.53,15924.59,310039.22,126854.84,183184.38,0.0,conventional,2017,WestTexNewMexico
47,45,2016-02-14,0.7,963046.73,621734.73,151510.22,30289.17,159512.61,89653.91,56745.36,13113.34,conventional,2016,WestTexNewMexico
57,33,2017-05-14,0.84,1108372.45,622089.83,105351.01,12177.74,368753.87,143675.74,225078.13,0.0,conventional,2017,WestTexNewMexico
154,3,2018-03-04,0.88,935934.1,454269.43,164856.57,9907.85,306900.25,164965.35,138399.68,3535.22,conventional,2018,WestTexNewMexico
212,50,2017-01-15,0.73,1068598.28,565135.47,98377.69,17186.36,387898.76,153857.94,234040.82,0.0,conventional,2017,WestTexNewMexico
282,36,2017-04-23,0.75,1108328.51,583229.86,105373.5,13999.44,405725.71,118216.19,287509.52,0.0,conventional,2017,WestTexNewMexico
394,36,2015-04-19,0.7,961001.34,687794.59,154971.84,16243.48,101991.43,76595.17,25396.26,0.0,conventional,2015,WestTexNewMexico
468,21,2017-08-06,0.95,871230.15,532554.49,121535.96,7915.35,209224.35,124742.32,84285.36,196.67,conventional,2017,WestTexNewMexico
600,27,2017-06-25,0.85,1022130.1,565529.68,82613.84,8881.62,365104.96,150840.39,214264.57,0.0,conventional,2017,WestTexNewMexico
11,30,2016-05-29,1.7,23435.02,754.48,10667.23,322.07,11691.24,9420.82,2270.42,0.0,organic,2016,BaltimoreWashington
25,10,2017-10-22,1.64,47486.93,815.38,10255.4,71.21,36344.94,36343.5,1.44,0.0,organic,2017,BaltimoreWashington
107,36,2016-04-17,1.49,22368.16,2672.67,11275.8,293.07,8126.62,7622.14,504.48,0.0,organic,2016,BaltimoreWashington
367,11,2015-10-11,1.53,9453.04,459.96,5639.91,597.61,2755.56,1033.33,1722.23,0.0,organic,2015,BaltimoreWashington
446,20,2017-08-13,1.66,40536.12,1099.85,6739.42,161.91,32534.94,32534.94,0.0,0.0,organic,2017,BaltimoreWashington
485,15,2015-09-13,1.6,11772.43,1450.32,5418.35,698.25,4205.51,4202.73,2.78,0.0,organic,2015,BaltimoreWashington
643,3,2017-12-10,1.51,41451.11,1979.76,6934.12,73.99,32463.24,32436.83,26.41,0.0,organic,2017,BaltimoreWashington
644,47,2017-02-05,1.85,17974.51,1373.51,6610.53,202.88,9787.59,9782.06,5.53,0.0,organic,2017,BaltimoreWashington
739,50,2016-01-10,1.37,20518.45,495.49,6973.51,401.96,12647.49,915.73,11731.76,0.0,organic,2016,BaltimoreWashington
15,37,2017-04-16,1.09,230566.12,111412.23,9801.87,135.7,109216.32,102366.17,5170.15,1680.0,conventional,2017,Nashville
16,29,2015-06-07,0.96,189470.19,128293.7,10385.79,10508.18,40282.52,31059.24,8944.38,278.9,conventional,2015,Nashville
18,21,2015-08-02,1.08,151807.11,87160.08,19863.22,9366.36,35417.45,30724.37,4552.23,140.85,conventional,2015,Nashville
74,0,2015-12-27,0.96,123669.89,79508.7,8706.29,4748.08,30706.82,23563.06,7140.43,3.33,conventional,2015,Nashville
113,42,2015-03-08,1.08,149239.4,104187.91,7723.68,10813.59,26514.22,22958.63,3555.59,0.0,conventional,2015,Nashville
235,4,2015-11-29,0.95,119919.67,77155.36,9407.46,5435.02,27921.83,20470.74,7440.75,10.34,conventional,2015,Nashville
311,5,2016-11-20,1.33,131605.7,53849.43,12277.03,98.85,65380.39,54104.45,10860.94,415.0,conventional,2016,Nashville
327,14,2015-09-20,0.95,197649.58,108519.0,32478.82,9286.56,47365.2,27175.41,19540.16,649.63,conventional,2015,Nashville
334,3,2016-12-04,0.96,189526.37,82751.98,20042.35,853.8,85878.24,60604.33,23948.91,1325.0,conventional,2016,Nashville
466,3,2015-12-06,1.0,130989.23,88033.66,9655.78,5447.67,27852.12,22956.94,4797.18,98.0,conventional,2015,Nashville
676,24,2016-07-10,1.0,198240.02,88754.1,37966.33,320.41,71199.18,51675.19,19523.99,0.0,conventional,2016,Nashville
811,17,2015-08-30,1.09,142153.55,82766.98,21072.35,7912.88,30401.34,24581.81,5819.53,0.0,conventional,2015,Nashville
902,11,2015-10-11,0.96,167655.6,83621.05,35428.18,7009.22,41597.15,23793.78,17803.37,0.0,conventional,2015,Nashville
19,5,2015-11-22,1.87,1202.46,7.6,1107.08,0.0,87.78,3.33,84.45,0.0,organic,2015,Louisville
82,16,2015-09-06,1.38,2450.75,52.43,1262.12,0.0,1136.2,440.0,696.2,0.0,organic,2015,Louisville
221,10,2015-10-18,1.52,1696.6,20.5,1442.52,0.0,233.58,0.0,233.58,0.0,organic,2015,Louisville
243,35,2017-04-30,1.4,5166.23,0.0,1639.61,0.0,3526.62,234.45,3292.17,0.0,organic,2017,Louisville
333,9,2017-10-29,1.84,3691.45,1.3,740.67,0.0,2949.48,1739.58,1209.9,0.0,organic,2017,Louisville
438,20,2017-08-13,1.67,2741.48,0.0,1252.59,0.0,1488.89,1102.05,386.84,0.0,organic,2017,Louisville
661,0,2018-03-25,1.46,4173.7,8.0,988.64,0.0,3177.06,2031.65,1145.41,0.0,organic,2018,Louisville
752,37,2017-04-16,1.34,4904.41,5.55,1947.76,0.0,2951.1,752.22,2198.88,0.0,organic,2017,Louisville
754,32,2017-05-21,1.29,4745.15,0.0,1200.84,0.0,3544.31,577.77,2966.54,0.0,organic,2017,Louisville
884,41,2015-03-15,1.65,1664.74,8.34,731.35,0.0,925.05,796.67,128.38,0.0,organic,2015,Louisville
22,38,2015-04-05,1.76,27428.43,9037.65,17777.46,4.75,608.57,0.0,608.57,0.0,organic,2015,Portland
62,39,2015-03-29,1.45,59406.24,9134.72,45312.41,3.14,4955.97,3.06,4952.91,0.0,organic,2015,Portland
119,28,2015-06-14,1.91,24034.25,8491.5,14130.91,15.03,1396.81,0.0,1396.81,0.0,organic,2015,Portland
160,41,2015-03-15,1.61,25244.87,9298.84,13800.36,1.55,2144.12,0.0,2144.12,0.0,organic,2015,Portland
400,34,2017-05-07,1.11,52220.44,7740.99,4048.4,23.83,40407.22,159.67,40247.55,0.0,organic,2017,Portland
463,3,2016-12-04,1.46,26063.62,3404.28,4487.52,9.9,18161.92,232.94,17928.98,0.0,organic,2016,Portland
575,41,2016-03-13,1.13,38889.87,1465.55,10758.3,0.0,26666.02,35.88,26630.14,0.0,organic,2016,Portland
612,8,2017-11-05,2.45,17023.02,2068.98,2392.02,0.0,12562.02,1473.33,11077.58,11.11,organic,2017,Portland
654,10,2017-10-22,2.48,15825.16,1737.93,2304.96,1.66,11780.61,1490.66,10277.06,12.89,organic,2017,Portland
735,45,2016-02-14,0.9,63682.51,1154.71,18425.48,3.31,44099.01,1433.94,42665.07,0.0,organic,2016,Portland
816,36,2015-04-19,1.57,28675.93,12834.38,12733.52,0.0,3108.03,0.0,3108.03,0.0,organic,2015,Portland
23,10,2016-10-16,2.85,4317.31,707.37,2855.9,0.0,754.04,732.85,21.19,0.0,organic,2016,LasVegas
51,45,2015-02-15,1.79,6259.44,3336.65,2622.79,0.0,300.0,300.0,0.0,0.0,organic,2015,LasVegas
239,13,2016-09-25,2.91,4103.97,409.65,2810.06,0.0,884.26,884.26,0.0,0.0,organic,2016,LasVegas
380,5,2017-11-26,1.95,6599.52,1613.28,1302.68,0.0,3683.56,3683.56,0.0,0.0,organic,2017,LasVegas
383,51,2016-01-03,1.69,7552.52,1709.77,3384.63,0.0,2458.12,2435.48,22.64,0.0,organic,2016,LasVegas
493,28,2016-06-12,1.42,14204.88,7218.45,5873.68,0.0,1112.75,470.15,642.6,0.0,organic,2016,LasVegas
649,36,2016-04-17,1.34,20001.54,2830.14,13556.57,0.0,3614.83,347.32,3267.51,0.0,organic,2016,LasVegas
689,12,2015-10-04,2.31,4655.07,1209.45,3328.95,0.0,116.67,116.67,0.0,0.0,organic,2015,LasVegas
693,40,2015-03-22,1.46,9021.37,4449.39,3881.75,0.0,690.23,690.23,0.0,0.0,organic,2015,LasVegas
790,37,2016-04-10,1.22,13473.17,3233.23,4726.02,0.0,5513.92,4028.39,1485.53,0.0,organic,2016,LasVegas
24,40,2017-03-26,0.72,22560.01,631.67,3717.06,0.0,18211.28,2514.95,15696.33,0.0,organic,2017,Columbus
236,47,2016-01-31,1.28,4289.51,392.6,2600.03,0.0,1296.88,154.14,1142.74,0.0,organic,2016,Columbus
326,2,2017-12-17,1.56,6639.05,410.79,1349.75,1.15,4877.36,3876.26,1001.1,0.0,organic,2017,Columbus
345,3,2016-12-04,1.36,5338.71,485.75,1639.28,0.0,3213.68,3074.56,139.12,0.0,organic,2016,Columbus
481,31,2015-05-24,1.51,5360.41,463.76,3593.0,0.0,1303.65,746.25,557.4,0.0,organic,2015,Columbus
547,51,2016-01-03,1.51,4034.88,452.44,2937.02,2.2,643.22,229.79,413.43,0.0,organic,2016,Columbus
579,45,2015-02-15,1.64,4283.56,374.59,2597.56,0.0,1311.41,706.67,604.74,0.0,organic,2015,Columbus
679,40,2015-03-22,1.91,2294.07,343.29,1775.29,0.0,175.49,137.47,38.02,0.0,organic,2015,Columbus
848,9,2018-01-21,1.5,8977.97,613.65,1852.11,0.0,6512.21,4083.63,2428.58,0.0,organic,2018,Columbus
26,39,2016-03-27,0.8,615580.7,183067.39,162858.06,23076.81,246578.44,180500.59,66077.85,0.0,conventional,2016,SanDiego
204,33,2017-05-14,1.08,556946.85,196722.52,132664.9,18988.93,208570.5,206313.02,90.47,2167.01,conventional,2017,SanDiego
254,26,2016-06-26,0.89,595917.64,196595.53,163147.87,28460.28,207713.96,189495.73,17484.47,733.76,conventional,2016,SanDiego
390,51,2017-01-08,0.96,582835.25,146165.17,222743.67,15301.4,198625.01,161975.42,36309.59,340.0,conventional,2017,SanDiego
444,14,2015-09-20,1.07,448488.04,204096.06,173105.77,28629.58,42656.63,39560.7,3095.93,0.0,conventional,2015,SanDiego
529,29,2015-06-07,0.89,607468.04,378749.86,164367.13,13914.85,50436.2,46211.78,4224.42,0.0,conventional,2015,SanDiego
562,22,2017-07-30,1.48,444013.66,174486.03,137655.83,21223.58,110648.22,101946.55,6750.08,1951.59,conventional,2017,SanDiego
602,4,2018-02-25,1.07,538360.91,175663.85,163499.41,15737.33,183460.32,174528.26,6291.5,2640.56,conventional,2018,SanDiego
872,7,2018-02-04,0.88,858101.65,311038.84,318396.18,23719.23,204947.4,193681.96,8547.66,2717.78,conventional,2018,SanDiego
