data/avocado_new.csv
,Unnamed: 0,Date,AveragePrice,Total Volume,4046,4225,4770,Total Bags,Small Bags,Large Bags,XLarge Bags,type,year,region
28,27,2017-06-25,1.54,4121661.3,232666.83,2909813.43,25224.18,953956.86,686928.3,215092.27,51936.29,conventional,2017,Northeast
38,39,2015-03-29,1.26,3497026.98,96169.31,2543290.15,5707.16,851860.36,769079.25,82778.21,2.9,conventional,2015,Northeast
89,1,2018-03-18,1.34,4621126.31,453731.61,2646866.44,7610.65,1512917.61,1210266.06,287448.21,15203.34,conventional,2018,Northeast
130,34,2017-05-07,1.53,5262336.16,305718.69,3009076.65,22448.52,1925092.3,1272105.9,640105.84,12880.56,conventional,2017,Northeast
135,10,2017-10-22,1.51,3380058.07,289343.32,2157327.99,6149.33,927237.43,838555.26,88678.73,3.44,conventional,2017,Northeast
149,20,2017-08-13,1.49,4323440.02,235128.9,2842288.75,13705.7,1232316.67,1008008.74,194459.03,29848.9,conventional,2017,Northeast
190,20,2015-08-09,1.1,4786334.13,105393.94,3894801.66,9116.57,777021.96,722077.58,54944.38,0.0,conventional,2015,Northeast
274,19,2015-08-16,1.17,4221435.38,97139.95,3382543.31,8138.99,733613.13,677997.05,55602.12,13.96,conventional,2015,Northeast
389,25,2016-07-03,1.41,4486744.99,210728.65,2669362.44,123210.02,1483443.88,1330833.02,82816.01,69794.85,conventional,2016,Northeast
440,46,2017-02-12,1.19,5367769.78,736158.49,3387834.41,45051.71,1198725.17,1079129.7,111229.11,8366.36,conventional,2017,Northeast
552,50,2016-01-10,1.2,3890225.41,96952.31,2696731.85,34789.19,1061752.06,976499.36,85149.37,103.33,conventional,2016,Northeast
668,35,2016-04-24,1.13,4815249.22,125736.57,3366389.1,142677.6,1180445.95,1087631.09,90193.01,2621.85,conventional,2016,Northeast
793,47,2015-02-01,1.23,4298883.17,133613.0,3149375.34,9191.41,1006703.42,896750.09,109953.33,0.0,conventional,2015,Northeast
901,19,2017-08-20,1.68,3417507.87,233399.64,2072428.62,7950.27,1103729.34,912290.33,160575.78,30863.23,conventional,2017,Northeast
29,26,2017-07-02,2.09,8194.26,46.21,5110.55,372.35,2665.15,2660.71,4.44,0.0,organic,2017,Charlotte
172,0,2015-12-27,1.9,2948.39,389.52,1416.49,682.38,460.0,460.0,0.0,0.0,organic,2015,Charlotte
355,30,2015-05-31,2.14,4092.07,335.32,1524.77,1348.57,883.41,883.41,0.0,0.0,organic,2015,Charlotte
379,1,2015-12-20,1.9,2940.47,326.79,1462.14,604.87,546.67,546.67,0.0,0.0,organic,2015,Charlotte
527,51,2015-01-04,2.13,2965.62,151.7,882.52,905.77,1025.63,1025.63,0.0,0.0,organic,2015,Charlotte
663,22,2017-07-30,2.07,8475.83,26.63,5054.68,322.23,3072.29,3072.29,0.0,0.0,organic,2017,Charlotte
762,14,2015-09-20,1.97,4103.72,307.22,1181.6,842.48,1772.42,1772.42,0.0,0.0,organic,2015,Charlotte
807,9,2016-10-23,1.64,9342.71,147.98,4509.02,811.96,3873.75,3400.36,473.39,0.0,organic,2016,Charlotte
30,17,2015-08-30,0.9,3037663.98,2084250.55,503077.81,86574.37,363761.25,357387.32,3503.63,2870.3,conventional,2015,LosAngeles
69,32,2017-05-21,1.14,2921916.66,1169688.69,428611.48,91670.96,1231945.53,1178399.48,401.84,53144.21,conventional,2017,LosAngeles
104,40,2017-03-26,1.12,2583323.58,861802.43,418362.3,83244.93,1219913.92,1168719.39,1177.9,50016.63,conventional,2017,LosAngeles
201,5,2016-11-20,1.1,2272023.15,880344.33,456709.37,60511.55,874457.9,808238.28,43041.56,23178.06,conventional,2016,LosAngeles
203,6,2017-11-19,1.14,2391383.0,1042472.0,309130.0,73389.0,966392.0,893064.0,34871.0,38457.0,conventional,2017,LosAngeles
420,26,2017-07-02,1.07,3507155.74,1521073.33,497356.53,104452.24,1384273.64,1337890.74,411.72,45971.18,conventional,2017,LosAngeles
548,51,2016-01-03,0.64,3967109.33,1232109.79,992212.57,90511.09,1652275.88,1415836.57,226121.9,10317.41,conventional,2016,LosAngeles
556,38,2015-04-05,1.01,2603114.56,1753452.57,490701.38,73965.36,284995.25,245998.59,36929.22,2067.44,conventional,2015,LosAngeles
856,9,2015-10-25,0.95,2327634.45,974251.62,925306.32,78774.2,349302.31,341731.29,3774.75,3796.27,conventional,2015,LosAngeles
897,15,2015-09-13,0.98,2549512.5,1076046.71,1079298.4,97210.13,296957.26,226956.87,64067.31,5933.08,conventional,2015,LosAngeles
31,22,2016-07-24,1.21,111080.96,14249.95,27897.64,20.74,68912.63,61674.03,7238.6,0.0,organic,2016,LosAngeles
112,52,2017-01-01,1.07,99950.32,15830.84,28951.76,1.56,55166.16,43159.57,12006.59,0.0,organic,2017,LosAngeles
199,26,2017-07-02,1.46,109111.93,11056.28,28190.18,0.0,69865.47,69737.02,128.45,0.0,organic,2017,LosAngeles
232,7,2017-11-12,1.98,62337.67,8390.23,17805.25,0.0,36142.19,36097.73,44.46,0.0,organic,2017,LosAngeles
280,6,2016-11-13,1.7,66733.93,8552.62,21195.25,7.84,36978.22,29706.65,7271.57,0.0,organic,2016,LosAngeles
503,5,2016-11-20,1.67,60249.61,6503.09,18671.5,9.41,35065.61,30815.31,4250.3,0.0,organic,2016,LosAngeles
606,35,2017-04-30,1.25,127255.45,10894.08,29816.95,1.59,86542.83,83579.29,2963.54,0.0,organic,2017,LosAngeles
623,10,2018-01-14,1.68,106624.63,15769.61,39738.42,0.0,51116.6,51104.4,12.2,0.0,organic,2018,LosAngeles
744,25,2017-07-09,1.42,120562.92,11868.34,28851.85,0.0,79842.73,79833.93,8.8,0.0,organic,2017,LosAngeles
783,30,2017-06-04,1.28,128923.07,12603.26,37820.46,0.0,78499.35,78481.95,17.4,0.0,organic,2017,LosAngeles
825,27,2017-06-25,1.37,109872.63,10376.87,24717.88,0.0,74777.88,72884.61,1893.27,0.0,organic,2017,LosAngeles
33,25,2016-07-03,2.13,9057.29,1931.88,6761.58,0.0,363.83,363.83,0.0,0.0,organic,2016,Sacramento
370,10,2017-10-22,1.81,8059.52,2679.07,2828.24,0.0,2552.21,2548.88,3.33,0.0,organic,2017,Sacramento
408,15,2017-09-17,1.92,9174.58,3470.19,3797.05,0.0,1907.34,1907.34,0.0,0.0,organic,2017,Sacramento
465,47,2015-02-01,1.22,13195.65,7103.9,5624.41,0.0,467.34,467.34,0.0,0.0,organic,2015,Sacramento
628,16,2015-09-06,2.15,5975.27,1356.08,4540.83,0.0,78.36,78.36,0.0,0.0,organic,2015,Sacramento
638,18,2017-08-27,2.49,7197.78,2222.37,2802.72,0.0,2172.69,2172.69,0.0,0.0,organic,2017,Sacramento
672,30,2016-05-29,1.99,9333.72,1748.33,7197.21,0.0,388.18,388.18,0.0,0.0,organic,2016,Sacramento
691,42,2017-03-12,2.36,6022.12,1643.55,3655.76,2.68,720.13,720.13,0.0,0.0,organic,2017,Sacramento
34,28,2017-06-18,1.97,9720.05,3206.8,3475.47,0.0,3037.78,1052.43,1985.35,0.0,organic,2017,PhoenixTucson
78,39,2016-03-27,1.54,11321.14,6596.67,2100.78,0.0,2623.69,2259.37,364.32,0.0,organic,2016,PhoenixTucson
346,32,2016-05-15,1.37,23075.45,6930.33,11799.94,0.0,4345.18,418.79,3926.39,0.0,organic,2016,PhoenixTucson
443,21,2016-07-31,2.19,10363.16,4126.75,3944.27,0.0,2292.14,472.12,1820.02,0.0,organic,2016,PhoenixTucson
456,14,2017-09-24,1.81,12410.32,3328.26,270.47,0.0,8811.59,8808.26,3.33,0.0,organic,2017,PhoenixTucson
478,20,2016-08-07,2.13,9649.24,3640.62,3890.21,0.0,2118.41,434.11,1684.3,0.0,organic,2016,PhoenixTucson
568,51,2015-01-04,1.12,17296.85,14569.66,1868.59,0.0,858.6,830.0,28.6,0.0,organic,2015,PhoenixTucson
650,44,2015-02-22,1.59,10924.58,8585.87,1454.55,0.0,884.16,866.67,17.49,0.0,organic,2015,PhoenixTucson
36,13,2015-09-27,1.07,370321.17,262107.44,61870.63,680.8,45662.3,20533.87,25125.65,2.78,conventional,2015,Atlanta
101,4,2015-11-29,0.99,333280.79,250288.65,28889.63,307.83,53794.68,33031.72,20738.55,24.41,conventional,2015,Atlanta
144,31,2016-05-22,0.79,585351.77,206761.15,110884.32,174.9,267531.4,91575.69,171020.72,4934.99,conventional,2016,Atlanta
164,30,2016-05-29,0.78,691344.07,267460.99,154238.9,246.79,269397.39,77155.12,186791.99,5450.28,conventional,2016,Atlanta
210,23,2016-07-17,1.01,474063.61,202638.65,82942.03,164.21,188318.72,108732.19,78958.75,627.78,conventional,2016,Atlanta
651,46,2016-02-07,0.76,722211.0,415641.47,134517.41,418.98,171633.14,77183.81,94449.33,0.0,conventional,2016,Atlanta
723,33,2016-05-08,0.81,643699.77,199995.47,159036.97,253.52,284413.81,77087.9,206444.51,881.4,conventional,2016,Atlanta
794,32,2015-05-17,1.11,451250.7,386400.89,18618.84,838.68,45392.29,33710.2,11682.09,0.0,conventional,2015,Atlanta
898,21,2016-07-31,0.98,537633.39,232640.52,76301.71,64.96,228626.2,161931.73,66694.47,0.0,conventional,2016,Atlanta
40,1,2015-12-20,1.77,73826.41,5825.64,17999.1,2401.24,47600.43,40812.08,6788.35,0.0,organic,2015,Northeast
43,45,2017-02-19,1.43,592952.35,127051.75,363472.25,322.56,102105.79,91672.29,10433.5,0.0,organic,2017,Northeast
207,14,2017-09-24,1.68,255258.55,9811.16,31012.0,108.75,214326.64,214282.33,44.31,0.0,organic,2017,Northeast
253,34,2017-05-07,2.16,205224.24,12708.77,53525.73,1500.31,137489.43,121185.9,16303.53,0.0,organic,2017,Northeast
276,7,2018-02-04,1.66,273309.58,16597.29,41306.63,766.14,214639.52,188630.21,26009.31,0.0,organic,2018,Northeast
457,3,2017-12-10,1.6,251595.19,16117.35,32493.29,108.86,202875.69,182493.69,20382.0,0.0,organic,2017,Northeast
509,48,2015-01-25,1.92,40358.44,2519.17,17147.02,73.05,20619.2,20455.66,163.54,0.0,organic,2015,Northeast
525,26,2015-06-28,1.93,56485.02,5627.66,22070.75,531.58,28255.03,28196.36,58.67,0.0,organic,2015,Northeast
531,1,2016-12-18,1.94,113583.14,14615.66,33603.36,164.23,65199.89,63812.2,1387.69,0.0,organic,2016,Northeast
714,31,2016-05-22,1.81,134280.15,7554.76,34676.98,2269.99,89778.42,80740.1,9038.32,0.0,organic,2016,Northeast
745,18,2017-08-27,1.89,215129.8,8766.1,36924.09,98.22,169341.39,164863.42,4477.97,0.0,organic,2017,Northeast
859,49,2016-01-17,1.67,76290.32,7831.76,17800.16,1500.23,49158.17,33936.45,15221.72,0.0,organic,2016,Northeast
910,8,2018-01-28,1.56,319174.35,23903.56,45738.71,143.8,249388.28,242631.48,6756.8,0.0,organic,2018,Northeast
41,11,2018-01-07,1.69,27971.66,1954.92,3857.27,0.0,22159.47,22155.03,4.44,0.0,organic,2018,Philadelphia
85,25,2017-07-09,2.36,10675.62,968.76,4706.74,5.89,4994.23,4994.23,0.0,0.0,organic,2017,Philadelphia
116,31,2016-05-22,1.97,11516.4,750.67,4399.1,8.71,6357.92,6250.8,107.12,0.0,organic,2016,Philadelphia
168,48,2016-01-24,1.81,11722.26,372.43,2325.54,5.97,9018.32,1264.47,7753.85,0.0,organic,2016,Philadelphia
428,12,2017-10-08,1.58,35985.8,2204.3,2935.05,6.15,30840.3,30809.89,30.41,0.0,organic,2017,Philadelphia
506,35,2015-04-26,1.86,4698.5,305.19,1171.58,3.46,3218.27,3218.27,0.0,0.0,organic,2015,Philadelphia
540,3,2017-12-10,1.5,28947.42,3846.15,4443.9,2.31,20655.06,20578.56,76.5,0.0,organic,2017,Philadelphia
555,6,2017-11-19,1.75,19663.06,1425.46,2936.37,12.49,15288.74,15274.35,14.39,0.0,organic,2017,Philadelphia
580,47,2015-02-01,1.69,4907.41,285.43,1416.23,4.72,3201.03,3201.03,0.0,0.0,organic,2015,Philadelphia
690,17,2015-08-30,1.93,4426.44,421.42,1691.1,17.75,2296.17,2207.12,89.05,0.0,organic,2015,Philadelphia
829,16,2017-09-10,1.67,34277.44,1551.8,5487.54,5.95,27232.15,27232.15,0.0,0.0,organic,2017,Philadelphia
44,22,2016-07-24,1.17,690893.4,128025.08,187555.04,19241.11,356072.17,135290.89,217563.22,3218.06,conventional,2016,Denver
61,6,2018-02-11,0.91,1056054.41,234995.54,251174.58,13754.34,556129.95,86599.13,469530.82,0.0,conventional,2018,Denver
270,3,2017-12-10,0.97,886841.87,150700.53,330683.28,7679.52,397778.54,131381.52,266397.02,0.0,conventional,2017,Denver
413,40,2015-03-22,1.15,603112.11,131881.99,380284.5,8461.12,82484.5,47368.3,35116.2,0.0,conventional,2015,Denver
433,24,2015-07-12,1.18,738933.68,123673.43,423853.38,22068.15,169338.72,66816.09,101611.95,910.68,conventional,2015,Denver
442,18,2017-08-27,1.1,896083.2,122874.44,379022.88,10439.85,383746.03,99069.57,281790.9,2885.56,conventional,2017,Denver
450,39,2017-04-02,1.33,681540.61,150610.93,159643.84,22581.97,348703.87,156262.31,192441.56,0.0,conventional,2017,Denver
590,33,2016-05-08,0.8,1113912.58,181354.77,427697.05,13291.11,491569.65,73293.05,416966.26,1310.34,conventional,2016,Denver
798,19,2016-08-14,1.18,657981.41,120449.87,189114.15,19582.82,328834.57,100509.79,228324.78,0.0,conventional,2016,Denver
45,45,2016-02-14,1.09,1806980.64,23786.18,1388157.42,1219.98,393817.06,326948.56,66868.5,0.0,conventional,2016,NewYork
131,8,2017-11-05,1.41,1319642.14,61830.21,632293.37,600.5,624918.06,563910.07,60984.25,23.74,conventional,2017,NewYork
132,34,2016-05-01,1.22,1536109.56,16424.04,1106990.04,11518.08,401177.4,321936.31,79106.38,134.71,conventional,2016,NewYork
286,13,2017-10-01,1.67,1201890.84,83287.52,707902.58,547.17,410153.57,377569.16,32584.41,0.0,conventional,2017,NewYork
312,3,2015-12-06,1.2,1068971.54,15730.1,887708.08,892.62,164640.74,136643.23,27997.51,0.0,conventional,2015,NewYork
434,20,2016-08-07,1.54,1256917.91,22522.19,668121.42,26114.18,540160.12,496292.38,40991.68,2876.06,conventional,2016,NewYork
489,43,2015-03-01,1.18,1338129.89,19919.91,1025372.06,2849.43,289988.49,228539.44,61449.05,0.0,conventional,2015,NewYork
526,31,2015-05-24,1.37,1515022.63,21741.7,1103694.97,1724.03,387861.93,322563.16,65288.42,10.35,conventional,2015,NewYork
571,45,2017-02-19,1.28,1052132.16,107882.24,609206.21,6704.26,328339.45,286438.21,41374.04,527.2,conventional,2017,NewYork
701,19,2017-08-20,1.75,1057188.97,72101.32,582403.53,620.27,402063.85,377884.2,20393.67,3785.98,conventional,2017,NewYork
797,14,2015-09-20,1.18,1192210.54,16098.34,913022.98,801.09,262288.13,214317.49,47970.64,0.0,conventional,2015,NewYork
860,15,2015-09-13,1.16,1479334.84,20526.41,1208256.11,1030.24,249522.08,181277.74,68237.18,7.16,conventional,2015,NewYork
46,19,2016-08-14,2.25,1921.43,622.77,1072.24,0.0,226.42,99.45,126.97,0.0,organic,2016,Spokane
81,5,2017-11-26,2.04,3284.64,156.61,1186.4,8.58,1933.05,560.0,1358.75,14.3,organic,2017,Spokane
375,10,2016-10-16,1.83,2160.64,99.83,918.48,11.98,1130.35,4.44,1125.91,0.0,organic,2016,Spokane
508,33,2015-05-10,1.76,3166.83,900.37,1925.8,0.0,340.66,0.0,340.66,0.0,organic,2015,Spokane
516,14,2017-09-24,2.95,2417.55,168.12,1025.14,0.0,1224.29,370.0,849.73,4.56,organic,2017,Spokane
549,7,2016-11-06,2.02,1894.26,14.17,965.27,0.0,914.82,26.67,888.15,0.0,organic,2016,Spokane
710,50,2017-01-15,1.17,4471.01,24.44,1016.47,0.0,3430.1,35.08,3395.02,0.0,organic,2017,Spokane
874,7,2015-11-08,1.73,1837.88,118.46,1392.66,0.0,326.76,16.67,310.09,0.0,organic,2015,Spokane
881,35,2017-04-30,1.72,4577.29,219.18,1582.71,27.4,2748.0,20.0,2728.0,0.0,organic,2017,Spokane
50,19,2016-08-14,0.88,1132112.24,612988.24,240643.34,3600.78,274879.88,270626.46,3256.28,997.14,conventional,2016,DallasFtWorth
110,49,2015-01-18,0.76,1091677.29,627090.61,374230.89,15550.56,74805.23,62375.69,12416.71,12.83,conventional,2015,DallasFtWorth
425,12,2017-10-08,1.29,919708.71,488695.54,194837.09,1217.6,234958.48,149960.64,84717.46,280.38,conventional,2017,DallasFtWorth
445,25,2017-07-09,0.84,1514500.0,675094.64,287850.86,3155.06,548399.44,542368.85,3088.55,2942.04,conventional,2017,DallasFtWorth
504,48,2017-01-29,0.73,1306293.11,789341.03,172742.07,36048.34,308161.67,264359.46,43743.14,59.07,conventional,2017,DallasFtWorth
624,51,2017-01-08,0.78,1247488.6,556814.8,343124.23,2551.41,344998.16,341681.22,3247.62,69.32,conventional,2017,DallasFtWorth
629,10,2017-10-22,1.1,1037930.19,525021.72,186939.29,2275.11,323694.07,252684.38,70932.42,77.27,conventional,2017,DallasFtWorth
687,6,2015-11-15,0.71,1040439.71,642897.96,263132.27,10305.52,124103.96,109552.23,14527.64,24.09,conventional,2015,DallasFtWorth
755,10,2015-10-18,0.83,992983.76,570732.49,266044.08,61892.18,94315.01,87201.1,7044.44,69.47,conventional,2015,DallasFtWorth
776,39,2016-03-27,0.76,1341740.28,631283.52,291595.08,129805.2,289056.48,270162.99,18871.92,21.57,conventional,2016,DallasFtWorth
803,15,2017-09-17,1.24,982833.04,562493.44,181711.95,1213.92,237413.73,161740.2,75613.75,59.78,conventional,2017,DallasFtWorth
53,26,2017-07-02,1.27,302052.69,177146.52,24028.95,64.0,100813.22,93220.64,4992.58,2600.0,conventional,2017,NewOrleansMobile
95,27,2015-06-21,0.93,293734.93,182416.44,8803.83,7161.74,95352.92,86878.25,8474.67,0.0,conventional,2015,NewOrleansMobile
106,6,2018-02-11,0.97,289527.53,174271.9,18425.78,1971.0,94858.85,82271.42,12267.43,320.0,conventional,2018,NewOrleansMobile
209,2,2016-12-11,1.21,177582.49,89506.41,18892.4,205.0,68978.68,53845.72,11187.68,3945.28,conventional,2016,NewOrleansMobile
477,37,2016-04-10,0.87,312471.42,166398.15,34799.32,612.27,110661.68,81778.22,28883.46,0.0,conventional,2016,NewOrleansMobile
554,1,2015-12-20,0.92,191937.02,110266.94,18630.27,255.72,62784.09,57100.55,5619.06,64.48,conventional,2015,NewOrleansMobile
695,25,2017-07-09,1.26,267928.19,156935.51,23221.13,28.96,87742.59,80324.72,5261.2,2156.67,conventional,2017,NewOrleansMobile
708,40,2017-03-26,1.38,236515.28,133157.9,29086.58,355.97,73914.83,53280.49,10526.56,10107.78,conventional,2017,NewOrleansMobile
55,3,2018-03-04,0.61,1672899.36,962967.9,268082.25,12934.88,428914.33,266658.69,156802.31,5453.33,conventional,2018,PhoenixTucson
126,10,2017-10-22,1.04,809603.25,352330.12,241655.47,3878.71,211738.95,170612.91,41122.71,3.33,conventional,2017,PhoenixTucson
598,6,2018-02-11,0.64,1490711.97,793896.21,256987.03,12607.4,427221.33,241681.63,179607.48,5932.22,conventional,2018,PhoenixTucson
688,22,2016-07-24,0.94,922526.29,423672.75,201696.43,12392.31,284764.8,144445.97,139836.89,481.94,conventional,2016,PhoenixTucson
724,5,2018-02-18,0.59,1544983.15,923293.0,242108.74,12876.81,366704.6,228817.23,131177.62,6709.75,conventional,2018,PhoenixTucson
760,17,2017-09-03,1.2,727912.24,407081.82,136998.12,5005.72,178826.58,109254.62,66904.18,2667.78,conventional,2017,PhoenixTucson
819,37,2017-04-16,0.73,1255293.53,621533.02,193885.09,19435.79,420439.63,227061.64,193282.99,95.0,conventional,2017,PhoenixTucson
831,15,2016-09-11,0.88,961997.61,504499.4,216559.98,11582.2,229356.03,123900.27,105452.43,3.33,conventional,2016,PhoenixTucson
836,37,2016-04-10,0.56,1387970.0,924031.6,246403.27,37714.15,179820.98,102611.01,75964.14,1245.83,conventional,2016,PhoenixTucson
851,8,2015-11-01,0.71,907452.21,592066.03,232050.89,20971.41,62363.88,62363.88,0.0,0.0,conventional,2015,PhoenixTucson
906,21,2017-08-06,0.94,974933.36,493642.98,198503.76,11502.53,271284.09,166106.57,101493.08,3684.44,conventional,2017,PhoenixTucson
