data/avocado_new.csv
,Unnamed: 0,Date,AveragePrice,Total Volume,4046,4225,4770,Total Bags,Small Bags,Large Bags,XLarge Bags,type,year,region
56,50,2016-01-10,1.6,6107.02,691.1,2094.93,360.62,2960.37,2748.16,212.21,0.0,organic,2016,SouthCarolina
174,21,2016-07-31,1.58,12518.72,1306.7,3927.4,705.01,6579.61,6131.73,447.88,0.0,organic,2016,SouthCarolina
264,29,2015-06-07,1.95,3556.7,498.69,1234.91,499.5,1323.6,1236.67,86.93,0.0,organic,2015,SouthCarolina
292,2,2018-03-11,1.36,17561.89,181.68,4942.56,99.85,12337.8,11957.7,380.1,0.0,organic,2018,SouthCarolina
316,26,2016-06-26,1.24,12445.56,1132.67,2938.21,603.44,7771.24,5690.33,2080.91,0.0,organic,2016,SouthCarolina
341,18,2016-08-21,1.6,12593.77,985.59,3391.77,482.81,7733.6,7072.24,661.36,0.0,organic,2016,SouthCarolina
416,51,2017-01-08,1.48,9552.09,304.42,3669.2,222.07,5356.4,4469.22,887.18,0.0,organic,2017,SouthCarolina
519,15,2016-09-11,1.6,12458.37,757.79,3868.48,309.62,7522.48,6648.44,874.04,0.0,organic,2016,SouthCarolina
806,42,2015-03-08,1.53,4954.18,498.38,2462.31,536.83,1456.66,1109.39,347.27,0.0,organic,2015,SouthCarolina
58,41,2015-03-15,1.12,68533.2,27916.18,27507.13,27.89,13082.0,1813.33,11268.67,0.0,organic,2015,Denver
92,4,2015-11-29,0.88,56722.58,5178.73,11715.12,15.54,39813.19,385.54,39427.65,0.0,organic,2015,Denver
139,12,2016-10-02,1.79,13087.01,11038.28,1697.21,15.1,336.42,100.68,235.74,0.0,organic,2016,Denver
143,31,2017-05-28,1.69,28877.5,25873.17,2438.11,165.37,400.85,303.23,97.62,0.0,organic,2017,Denver
244,48,2017-01-29,1.49,18341.33,13842.27,3182.83,13.72,1302.51,1226.26,76.25,0.0,organic,2017,Denver
291,47,2017-02-05,1.38,17713.66,9065.62,1335.07,20.82,7292.15,105.6,7186.55,0.0,organic,2017,Denver
558,41,2016-03-13,0.74,100571.11,17624.22,12791.08,53.1,70102.71,16189.63,53913.08,0.0,organic,2016,Denver
559,24,2016-07-10,1.0,37036.32,10122.11,2278.64,18.29,24617.28,24562.35,54.93,0.0,organic,2016,Denver
59,9,2018-01-21,1.58,12458.09,521.57,3808.38,90.71,8037.43,6246.99,1790.44,0.0,organic,2018,RichmondNorfolk
88,6,2016-11-13,1.61,7529.46,275.42,2721.84,217.94,4314.26,2456.8,1857.46,0.0,organic,2016,RichmondNorfolk
120,7,2015-11-08,1.58,4199.95,96.33,2006.69,342.69,1754.24,1466.67,287.57,0.0,organic,2015,RichmondNorfolk
153,36,2017-04-23,1.65,10330.09,641.94,4484.77,159.23,5044.15,3311.15,1733.0,0.0,organic,2017,RichmondNorfolk
194,0,2016-12-25,1.66,5233.93,501.16,2272.02,151.72,2309.03,2309.03,0.0,0.0,organic,2016,RichmondNorfolk
213,8,2016-10-30,1.76,6706.92,211.94,3878.06,348.87,2268.05,2042.4,225.65,0.0,organic,2016,RichmondNorfolk
462,17,2015-08-30,1.8,5052.41,32.77,3282.68,393.19,1343.77,1006.67,337.1,0.0,organic,2015,RichmondNorfolk
597,21,2016-07-31,1.39,8573.51,181.07,3715.62,360.94,4315.88,2698.99,1616.89,0.0,organic,2016,RichmondNorfolk
619,29,2015-06-07,1.24,9207.05,290.65,3796.02,435.65,4684.73,1820.0,2864.73,0.0,organic,2015,RichmondNorfolk
620,52,2017-01-01,1.62,4920.41,584.97,2230.14,209.54,1895.76,1895.76,0.0,0.0,organic,2017,RichmondNorfolk
712,30,2015-05-31,1.13,10092.91,232.65,6403.66,431.22,3025.38,1038.61,1986.77,0.0,organic,2015,RichmondNorfolk
801,37,2016-04-10,0.93,11987.87,255.69,3842.56,200.47,7689.15,5416.4,2272.75,0.0,organic,2016,RichmondNorfolk
60,42,2017-03-12,1.22,32020573.94,11228357.23,9575227.17,727233.05,10489756.49,8207585.25,2124294.41,157876.83,conventional,2017,TotalUS
155,48,2015-01-25,1.04,28470310.84,12167445.03,10734652.82,768020.05,4800192.94,3978636.9,812924.73,8631.31,conventional,2015,TotalUS
162,2,2016-12-11,0.98,30093540.7,9009996.11,9967220.02,403047.93,10713276.64,8149438.75,2490495.07,73342.82,conventional,2016,TotalUS
234,28,2017-06-18,1.18,38247669.33,12975373.48,11199448.6,807107.21,13265740.04,9650858.66,3267491.24,347390.14,conventional,2017,TotalUS
317,22,2017-07-30,1.32,31756097.22,11112191.11,11088082.78,596676.12,8959147.21,6337457.44,2396438.66,225251.11,conventional,2017,TotalUS
591,10,2016-10-16,1.3,27707046.82,8810664.45,8855072.75,447291.48,9594018.14,6934368.93,2575095.84,84553.37,conventional,2016,TotalUS
774,2,2017-12-17,1.07,30757767.03,10704214.26,9934618.43,574089.32,9544845.02,7149680.01,2260602.86,134562.15,conventional,2017,TotalUS
911,44,2016-02-21,0.94,32804733.22,10015825.13,12003751.56,1375260.47,9409896.06,7213492.61,2150749.43,45654.02,conventional,2016,TotalUS
63,41,2016-03-13,1.32,12819.92,705.97,7430.23,0.0,4683.72,2220.0,2463.72,0.0,organic,2016,Nashville
98,12,2016-10-02,1.74,4636.33,546.56,3826.74,0.0,263.03,31.11,231.92,0.0,organic,2016,Nashville
476,15,2016-09-11,0.93,14786.96,553.66,3278.67,0.0,10954.63,2812.11,8142.52,0.0,organic,2016,Nashville
515,11,2016-10-09,0.68,16638.93,494.24,3792.05,0.0,12352.64,108.98,12243.66,0.0,organic,2016,Nashville
718,22,2016-07-24,1.77,7162.2,958.62,4955.19,0.0,1248.39,51.96,1196.43,0.0,organic,2016,Nashville
722,17,2015-08-30,1.45,7100.18,378.58,5319.3,0.0,1402.3,1074.18,328.12,0.0,organic,2015,Nashville
761,34,2015-05-03,1.57,4529.02,334.9,2364.7,68.11,1761.31,719.19,1042.12,0.0,organic,2015,Nashville
815,5,2015-11-22,1.66,4282.27,329.99,3186.8,0.0,765.48,616.67,148.81,0.0,organic,2015,Nashville
65,6,2016-11-13,2.28,28907.25,541.62,18490.5,41.96,9833.17,801.11,9032.06,0.0,organic,2016,Seattle
102,50,2015-01-11,1.46,46687.01,8691.73,33361.78,13.48,4620.02,223.33,4396.69,0.0,organic,2015,Seattle
128,13,2015-09-27,1.75,24607.2,4793.34,11315.26,6.64,8491.96,2.95,8489.01,0.0,organic,2015,Seattle
158,1,2015-12-20,1.55,22819.1,505.82,13425.9,12.02,8875.36,51.94,8823.42,0.0,organic,2015,Seattle
301,38,2015-04-05,1.92,29692.3,6708.14,22605.23,43.95,334.98,0.0,334.98,0.0,organic,2015,Seattle
315,33,2017-05-14,1.62,49291.33,1601.12,13061.38,41.19,34587.64,1325.19,33262.45,0.0,organic,2017,Seattle
338,27,2015-06-21,1.75,38093.47,8727.72,29192.23,91.29,82.23,0.0,82.23,0.0,organic,2015,Seattle
354,48,2016-01-24,1.47,26516.63,681.3,11791.04,63.93,13980.36,244.19,13736.17,0.0,organic,2016,Seattle
641,49,2017-01-22,1.32,39780.18,654.95,10318.19,9.24,28797.8,557.91,28239.89,0.0,organic,2017,Seattle
66,12,2015-10-04,1.78,20398.64,787.1,19394.87,0.0,216.67,216.67,0.0,0.0,organic,2015,Chicago
140,19,2016-08-14,2.09,27655.2,84.15,26189.38,0.0,1381.67,1381.67,0.0,0.0,organic,2016,Chicago
205,9,2015-10-25,1.61,22648.93,1033.01,21495.92,0.0,120.0,120.0,0.0,0.0,organic,2015,Chicago
565,31,2016-05-22,1.33,45768.24,77.57,44459.63,0.0,1231.04,1231.04,0.0,0.0,organic,2016,Chicago
662,36,2015-04-19,1.55,27489.48,614.18,25888.63,0.0,986.67,986.67,0.0,0.0,organic,2015,Chicago
728,6,2017-11-19,1.79,27898.67,29.29,20559.98,0.0,7309.4,7291.62,17.78,0.0,organic,2017,Chicago
736,35,2016-04-24,1.63,35192.95,66.02,34696.93,0.0,430.0,430.0,0.0,0.0,organic,2016,Chicago
788,2,2016-12-11,1.32,54112.89,63.34,50779.13,0.0,3270.42,3270.42,0.0,0.0,organic,2016,Chicago
817,1,2017-12-24,1.81,32444.19,324.23,21629.94,0.0,10490.02,10483.35,6.67,0.0,organic,2017,Chicago
854,27,2015-06-21,1.82,16136.49,655.45,15171.04,0.0,310.0,310.0,0.0,0.0,organic,2015,Chicago
67,49,2016-01-17,1.03,134604.75,52491.11,30084.71,20930.75,31098.18,23123.14,6492.6,1482.44,conventional,2016,Columbus
295,7,2015-11-08,0.95,152084.79,61494.68,35336.71,29583.9,25669.5,14899.79,6935.32,3834.39,conventional,2015,Columbus
328,33,2015-05-10,1.1,162802.65,97879.64,27581.34,10126.3,27215.37,23689.19,2796.71,729.47,conventional,2015,Columbus
414,12,2017-10-08,1.83,103123.48,46870.14,8224.8,765.87,47262.67,40288.38,6950.95,23.34,conventional,2017,Columbus
429,43,2016-02-28,1.03,154967.56,48902.44,41405.76,28499.61,36159.75,22422.88,10262.4,3474.47,conventional,2016,Columbus
483,16,2015-09-06,1.04,144563.15,61052.61,40880.96,20842.4,21787.18,16533.98,3611.52,1641.68,conventional,2015,Columbus
495,27,2015-06-21,0.99,164161.25,67311.23,40382.51,24529.19,31938.32,24969.38,4739.34,2229.6,conventional,2015,Columbus
665,30,2017-06-04,1.1,196391.15,82888.11,20624.08,1780.61,91098.35,85697.33,5341.79,59.23,conventional,2017,Columbus
669,22,2016-07-24,1.15,173335.16,73713.02,34227.26,6083.87,59311.01,46627.28,8564.06,4119.67,conventional,2016,Columbus
768,1,2016-12-18,1.06,131322.27,55604.5,31791.33,2522.96,41403.48,38839.35,2461.41,102.72,conventional,2016,Columbus
907,32,2015-05-17,1.0,180511.78,97341.26,38624.07,22934.89,21611.56,15997.43,2463.86,3150.27,conventional,2015,Columbus
68,10,2015-10-18,0.93,264223.22,27640.26,186372.86,408.03,49802.07,48878.61,923.46,0.0,conventional,2015,HarrisburgScranton
193,0,2018-03-25,1.21,330371.24,87782.44,137599.47,131.89,104857.44,95210.59,7089.08,2557.77,conventional,2018,HarrisburgScranton
403,6,2018-02-11,1.09,321368.64,77585.95,165153.24,116.39,78513.06,72248.7,4766.58,1497.78,conventional,2018,HarrisburgScranton
521,29,2015-06-07,1.21,265638.42,40587.95,138950.26,675.56,85424.65,81417.34,3219.51,787.8,conventional,2015,HarrisburgScranton
536,14,2017-09-24,1.44,209982.19,36336.43,122032.96,70.71,51542.09,50219.51,1319.25,3.33,conventional,2017,HarrisburgScranton
564,30,2016-05-29,1.13,280015.07,44168.8,143022.78,136.56,92686.93,79281.93,12975.0,430.0,conventional,2016,HarrisburgScranton
617,36,2015-04-19,1.17,237429.16,45693.41,112023.17,501.77,79210.81,77244.93,1965.88,0.0,conventional,2015,HarrisburgScranton
759,38,2015-04-05,1.21,216376.66,35705.85,112157.42,485.39,68028.0,66320.66,1643.45,63.89,conventional,2015,HarrisburgScranton
842,49,2015-01-18,1.24,182604.68,30928.18,85410.46,535.87,65730.17,64180.88,1549.29,0.0,conventional,2015,HarrisburgScranton
875,21,2015-08-02,1.1,242281.36,40387.93,143352.05,733.22,57808.16,56786.27,1018.67,3.22,conventional,2015,HarrisburgScranton
71,19,2016-08-14,1.87,2142.35,2.53,1243.41,0.0,896.41,335.76,560.65,0.0,organic,2016,Boise
146,7,2018-02-04,1.8,2594.9,76.84,590.46,0.0,1927.6,492.63,1376.55,58.42,organic,2018,Boise
161,48,2017-01-29,1.06,3212.37,15.2,452.12,0.0,2745.05,623.74,2121.31,0.0,organic,2017,Boise
197,6,2017-11-19,1.85,1863.13,55.94,538.92,0.0,1268.27,46.42,1221.85,0.0,organic,2017,Boise
275,45,2016-02-14,0.87,2863.27,42.95,839.99,0.0,1980.33,204.91,1775.42,0.0,organic,2016,Boise
332,42,2016-03-06,1.15,1381.84,16.45,490.93,0.0,874.46,0.0,874.46,0.0,organic,2016,Boise
339,30,2017-06-04,1.27,4579.54,72.25,651.54,0.0,3855.75,635.33,3220.42,0.0,organic,2017,Boise
361,3,2015-12-06,1.36,1286.83,11.75,533.55,0.0,741.53,73.33,668.2,0.0,organic,2015,Boise
716,0,2016-12-25,0.77,6098.96,3.0,610.89,0.0,5485.07,862.73,4622.34,0.0,organic,2016,Boise
753,14,2016-09-18,1.76,2138.14,4.0,815.29,0.0,1318.85,705.41,613.44,0.0,organic,2016,Boise
777,21,2015-08-02,2.15,1196.53,12.8,972.43,0.0,211.3,136.67,74.63,0.0,organic,2015,Boise
72,32,2015-05-17,1.23,817870.17,54087.8,569043.02,109205.15,85534.2,82689.93,2813.47,30.8,conventional,2015,Chicago
163,25,2015-07-05,1.24,937317.45,28422.72,661207.19,118634.7,129052.84,126579.11,2236.49,237.24,conventional,2015,Chicago
184,16,2016-09-04,1.6,670453.42,77981.63,415924.58,91323.75,85223.46,82376.72,2320.05,526.69,conventional,2016,Chicago
217,41,2015-03-15,1.09,827010.39,30100.78,600833.1,98822.1,97254.41,93312.94,3914.88,26.59,conventional,2015,Chicago
360,3,2015-12-06,1.14,664020.49,53173.18,455048.11,92888.37,62910.83,62473.12,420.95,16.76,conventional,2015,Chicago
435,23,2015-07-19,1.24,797060.27,20534.84,560871.56,116910.43,98743.44,92362.71,3531.27,2849.46,conventional,2015,Chicago
639,5,2017-11-26,1.7,506394.0,71736.0,278263.0,82294.0,74100.0,68552.0,5532.0,15.0,conventional,2017,Chicago
840,12,2016-10-02,1.83,509215.79,37926.13,311085.71,90495.41,69708.54,58004.41,530.52,11173.61,conventional,2016,Chicago
862,32,2017-05-21,1.64,764241.14,67698.15,496380.19,123099.28,77063.52,67000.24,2740.06,7323.22,conventional,2017,Chicago
865,50,2016-01-10,1.08,844277.25,44289.03,534404.57,143202.95,122380.7,82670.76,39333.27,376.67,conventional,2016,Chicago
73,22,2015-07-26,1.48,571.4,5.07,6.34,0.0,559.99,556.66,3.33,0.0,organic,2015,MiamiFtLauderdale
227,9,2015-10-25,1.5,1484.89,6.28,5.28,0.0,1473.33,1473.33,0.0,0.0,organic,2015,MiamiFtLauderdale
260,25,2017-07-09,1.76,4404.15,89.08,521.03,0.0,3794.04,3790.71,3.33,0.0,organic,2017,MiamiFtLauderdale
329,28,2016-06-12,1.3,4524.0,948.33,25.68,0.0,3549.99,3536.66,13.33,0.0,organic,2016,MiamiFtLauderdale
514,43,2016-02-28,1.51,2199.14,845.57,11.64,0.0,1341.93,1305.26,36.67,0.0,organic,2016,MiamiFtLauderdale
635,22,2016-07-24,1.19,6019.75,1.31,11.77,0.0,6006.67,5980.0,26.67,0.0,organic,2016,MiamiFtLauderdale
703,16,2016-09-04,1.36,6149.19,59.27,49.92,0.0,6040.0,5986.67,53.33,0.0,organic,2016,MiamiFtLauderdale
864,48,2016-01-24,1.42,3020.48,843.92,9.03,0.0,2167.53,2167.53,0.0,0.0,organic,2016,MiamiFtLauderdale
80,41,2015-03-15,1.24,453589.67,173278.26,189014.61,12217.98,79078.82,79057.76,8.42,12.64,conventional,2015,Seattle
230,22,2015-07-26,1.29,436208.03,158304.49,172990.41,12492.0,92421.13,92385.74,35.39,0.0,conventional,2015,Seattle
500,42,2016-03-06,0.88,782395.12,101164.1,203599.2,8332.9,469298.92,468419.0,515.93,363.99,conventional,2016,Seattle
530,15,2015-09-13,1.02,586503.27,230283.36,181240.95,10787.88,164191.08,164176.14,0.0,14.94,conventional,2015,Seattle
587,45,2016-02-14,0.98,593651.59,105339.16,152777.85,8215.67,327318.91,326841.0,284.73,193.18,conventional,2016,Seattle
720,12,2016-10-02,0.89,917139.67,73071.87,190566.13,3182.66,650319.01,361894.56,287932.44,492.01,conventional,2016,Seattle
751,9,2015-10-25,1.03,520698.46,130741.16,201858.0,8273.34,179825.96,179544.36,0.0,281.6,conventional,2015,Seattle
767,33,2015-05-10,1.08,638696.86,263440.86,242012.13,9484.24,123759.63,111289.42,12415.67,54.54,conventional,2015,Seattle
834,10,2016-10-16,1.2,618367.26,94032.78,146878.16,452.03,377004.29,369370.77,7512.55,120.97,conventional,2016,Seattle
869,51,2015-01-04,0.97,634522.34,165839.16,341836.86,15291.36,111554.96,96695.27,14859.69,0.0,conventional,2015,Seattle
876,9,2018-01-21,1.31,600669.78,125236.3,202783.51,754.76,271895.21,138209.77,133100.87,584.57,conventional,2018,Seattle
83,47,2015-02-01,1.67,30193.16,3904.24,14499.51,32.15,11757.26,9989.22,1768.04,0.0,organic,2015,Plains
96,44,2015-02-22,1.66,40390.21,5100.04,17771.09,9.16,17509.92,16731.6,778.32,0.0,organic,2015,Plains
115,45,2017-02-19,1.5,55912.77,4415.63,17174.19,755.8,33567.15,18926.25,14640.9,0.0,organic,2017,Plains
240,33,2015-05-10,1.85,32022.52,3961.71,16857.65,85.87,11117.29,8533.47,2583.82,0.0,organic,2015,Plains
249,2,2017-12-17,1.67,57922.35,1958.11,17379.12,58.63,38520.68,27431.38,11089.3,0.0,organic,2017,Plains
281,23,2015-07-19,1.85,28602.01,4969.23,14692.47,11.72,8928.59,6599.43,2329.16,0.0,organic,2015,Plains
368,46,2016-02-07,1.57,37624.17,3285.43,17837.59,3581.64,12919.51,8836.54,4082.97,0.0,organic,2016,Plains
453,48,2015-01-25,1.8,30207.8,3732.84,14987.92,20.69,11466.35,10403.58,1062.77,0.0,organic,2015,Plains
567,45,2016-02-14,1.68,36769.77,4150.81,17198.57,3353.47,12066.92,7771.32,4295.6,0.0,organic,2016,Plains
615,17,2016-08-28,1.67,54112.35,5905.64,22226.82,309.42,25670.47,9529.41,16141.06,0.0,organic,2016,Plains
675,23,2017-07-23,1.72,55116.84,2277.34,15728.39,16.57,37094.54,27524.59,9569.95,0.0,organic,2017,Plains
843,35,2016-04-24,1.29,61993.61,4954.72,21249.79,3329.15,32459.95,16741.92,15718.03,0.0,organic,2016,Plains
84,23,2017-07-23,1.6,10430.79,102.46,2950.41,0.0,7360.84,2825.97,4534.87,0.0,organic,2017,Indianapolis
406,2,2015-12-13,1.35,2068.47,275.19,926.78,0.0,866.5,184.16,682.34,0.0,organic,2015,Indianapolis
449,29,2017-06-11,0.84,15511.39,100.36,1100.69,0.0,14310.34,652.77,13657.57,0.0,organic,2017,Indianapolis
574,17,2016-08-28,1.25,6033.01,528.46,1507.87,0.0,3996.68,1002.92,2993.76,0.0,organic,2016,Indianapolis
713,11,2015-10-11,1.4,2030.12,215.86,1146.18,0.0,668.08,176.67,491.41,0.0,organic,2015,Indianapolis
734,6,2017-11-19,1.42,6294.98,96.95,999.16,0.0,5158.34,3917.63,1240.71,0.0,organic,2017,Indianapolis
784,51,2016-01-03,1.53,2057.45,229.67,1187.16,0.0,640.62,304.07,336.55,0.0,organic,2016,Indianapolis
810,37,2015-04-12,1.76,1912.15,79.59,1201.62,0.0,630.94,486.67,144.27,0.0,organic,2015,Indianapolis
86,17,2015-08-30,1.48,1279.51,5.79,1.26,0.0,1272.46,1272.46,0.0,0.0,organic,2015,Tampa
352,10,2016-10-16,1.4,3226.62,362.82,40.67,0.0,2823.13,913.33,1909.8,0.0,organic,2016,Tampa
357,14,2015-09-20,1.46,1738.65,28.28,0.0,0.0,1710.37,1710.37,0.0,0.0,organic,2015,Tampa
363,2,2015-12-13,1.76,1844.95,947.72,25.19,0.0,872.04,872.04,0.0,0.0,organic,2015,Tampa
501,4,2018-02-25,1.37,9144.2,206.39,542.89,0.0,8394.92,7895.92,499.0,0.0,organic,2018,Tampa
599,50,2015-01-11,1.84,1258.62,814.13,44.49,0.0,400.0,400.0,0.0,0.0,organic,2015,Tampa
852,13,2015-09-27,1.31,930.74,7.68,0.0,0.0,923.06,923.06,0.0,0.0,organic,2015,Tampa
893,9,2016-10-23,1.49,3701.46,623.9,89.87,0.0,2987.69,130.0,2857.69,0.0,organic,2016,Tampa
895,29,2017-06-11,1.86,4577.12,933.06,206.39,0.0,3437.67,3434.34,3.33,0.0,organic,2017,Tampa
97,48,2017-01-29,1.12,4143712.22,1855817.07,719826.98,6139.7,1561928.47,947470.76,611716.88,2740.83,conventional,2017,Southeast
99,21,2017-08-06,1.41,3282864.06,1799095.92,507685.74,3572.73,972509.67,569390.19,337374.62,65744.86,conventional,2017,Southeast
300,45,2016-02-14,0.98,3234338.23,1737634.8,613313.92,12099.24,871290.27,499341.01,371949.26,0.0,conventional,2016,Southeast
344,3,2016-12-04,0.99,3941512.2,1481392.35,851643.42,5133.86,1603342.57,644607.27,957516.13,1219.17,conventional,2016,Southeast
353,35,2016-04-24,0.84,5062464.54,2132612.43,1298672.9,10941.97,1620237.24,542495.57,1072748.0,4993.67,conventional,2016,Southeast
447,29,2015-06-07,0.99,4003121.77,2862823.58,294519.59,26236.45,819542.15,551432.71,268100.73,8.71,conventional,2015,Southeast
622,48,2015-01-25,1.15,2778000.82,1990978.47,266024.34,18600.92,502397.09,281141.42,221255.67,0.0,conventional,2015,Southeast
758,20,2016-08-07,1.18,3419326.48,1628428.39,687208.05,18597.99,1085092.05,710559.72,328992.05,45540.28,conventional,2016,Southeast
781,31,2016-05-22,1.05,3416062.07,1634620.91,666118.47,11952.59,1103370.1,536816.84,512209.9,54343.36,conventional,2016,Southeast
844,42,2017-03-12,1.45,3130784.67,1661752.06,452054.37,4318.46,1012659.78,629441.9,373081.49,10136.39,conventional,2017,Southeast
