data/avocado_new.csv
,Unnamed: 0,Date,AveragePrice,Total Volume,4046,4225,4770,Total Bags,Small Bags,Large Bags,XLarge Bags,type,year,region
100,11,2018-01-07,1.38,30428.43,9238.55,61.24,0.0,21128.64,20778.64,350.0,0.0,organic,2018,Houston
176,27,2017-06-25,1.3,34868.96,10016.43,33.98,0.0,24818.55,24814.11,4.44,0.0,organic,2017,Houston
196,21,2015-08-02,1.17,9952.84,9679.37,116.8,0.0,156.67,146.67,10.0,0.0,organic,2015,Houston
246,8,2017-11-05,1.82,20153.54,5256.51,49.26,0.0,14847.77,14847.77,0.0,0.0,organic,2017,Houston
288,15,2015-09-13,1.41,13561.23,7965.37,33.07,0.0,5562.79,5546.76,16.03,0.0,organic,2015,Houston
404,31,2017-05-28,1.19,44588.87,11166.37,16.15,0.0,33406.35,33339.07,67.28,0.0,organic,2017,Houston
417,34,2015-05-03,1.26,8532.45,7306.33,252.79,0.0,973.33,973.33,0.0,0.0,organic,2015,Houston
534,38,2015-04-05,1.25,11676.65,10220.11,469.87,0.0,986.67,986.67,0.0,0.0,organic,2015,Houston
742,23,2017-07-23,1.41,40100.89,11852.73,26.26,0.0,28221.9,28221.9,0.0,0.0,organic,2017,Houston
827,12,2015-10-04,1.48,10800.6,6511.05,101.39,0.0,4188.16,4188.16,0.0,0.0,organic,2015,Houston
850,35,2016-04-24,1.07,15724.92,5900.79,68.56,0.0,9755.57,5786.88,3968.69,0.0,organic,2016,Houston
111,6,2017-11-19,1.18,79284.0,2182.0,33869.0,79.0,43155.0,12675.0,30480.0,0.0,conventional,2017,Louisville
308,51,2015-01-04,0.92,101162.98,1991.63,75090.16,283.88,23797.31,7769.36,16027.95,0.0,conventional,2015,Louisville
399,1,2015-12-20,1.05,56443.43,1703.96,30942.26,2554.61,21242.6,11290.59,9360.13,591.88,conventional,2015,Louisville
448,50,2015-01-11,1.05,75129.36,2299.74,53313.74,237.88,19278.0,7964.88,11299.66,13.46,conventional,2015,Louisville
512,4,2018-02-25,1.13,99580.43,18466.45,25327.67,351.69,55434.62,32907.74,22038.31,488.57,conventional,2018,Louisville
538,50,2016-01-10,0.89,99956.44,2088.41,63265.58,2594.82,32007.63,14248.08,17270.79,488.76,conventional,2016,Louisville
603,22,2015-07-26,0.88,99545.41,1965.35,64026.49,2057.87,31495.7,13129.21,17841.09,525.4,conventional,2015,Louisville
725,5,2016-11-20,1.43,59210.76,1429.11,29056.73,159.32,28565.6,11694.68,16870.92,0.0,conventional,2016,Louisville
863,18,2017-08-27,1.62,80466.47,3038.11,33674.56,103.73,43650.07,17157.17,26001.79,491.11,conventional,2017,Louisville
890,37,2016-04-10,0.9,83504.74,1824.57,49692.01,2962.32,29025.84,12371.06,16274.95,379.83,conventional,2016,Louisville
121,31,2016-05-22,1.66,3862.88,2130.3,142.19,13.72,1576.67,1576.67,0.0,0.0,organic,2016,Jacksonville
247,9,2018-01-21,1.77,3510.16,67.15,597.85,6.46,2838.7,2105.56,733.14,0.0,organic,2018,Jacksonville
248,24,2015-07-12,1.91,3753.82,1209.16,47.86,18.23,2478.57,2478.57,0.0,0.0,organic,2015,Jacksonville
279,18,2016-08-21,2.0,3378.48,1860.99,108.09,9.4,1400.0,1370.0,30.0,0.0,organic,2016,Jacksonville
337,3,2015-12-06,1.76,2080.56,1762.15,43.1,18.64,256.67,256.67,0.0,0.0,organic,2015,Jacksonville
384,27,2017-06-25,2.25,4087.75,512.79,2421.93,0.0,1153.03,1149.69,3.34,0.0,organic,2017,Jacksonville
539,0,2018-03-25,1.75,5518.73,171.22,806.65,3.93,4536.93,2944.89,1592.04,0.0,organic,2018,Jacksonville
609,4,2018-02-25,1.73,4988.75,106.24,915.35,0.0,3967.16,2877.78,1089.38,0.0,organic,2018,Jacksonville
655,50,2015-01-11,1.91,1248.89,978.49,24.55,5.85,240.0,240.0,0.0,0.0,organic,2015,Jacksonville
748,45,2016-02-14,1.73,2550.87,1696.11,51.32,13.44,790.0,790.0,0.0,0.0,organic,2016,Jacksonville
766,39,2015-03-29,1.76,2214.84,1346.48,65.78,17.06,785.52,777.4,8.12,0.0,organic,2015,Jacksonville
124,13,2015-09-27,0.99,64187.8,47007.35,5754.04,3663.3,7763.11,7596.64,160.0,6.47,conventional,2015,Boise
134,4,2016-11-27,1.22,51941.45,23774.54,2187.17,5526.29,20453.45,20442.18,0.0,11.27,conventional,2016,Boise
289,4,2015-11-29,1.06,49069.13,24189.98,2789.67,6031.49,16057.99,15860.63,0.0,197.36,conventional,2015,Boise
484,24,2016-07-10,0.75,132511.44,39211.45,4977.23,3.06,88319.7,87357.84,20.39,941.47,conventional,2016,Boise
545,1,2017-12-24,1.18,71004.42,39116.52,2348.06,4750.61,24789.23,18067.46,6638.51,83.26,conventional,2017,Boise
578,14,2015-09-20,1.03,73952.9,34826.9,21592.13,6640.07,10893.8,10601.02,273.41,19.37,conventional,2015,Boise
686,50,2016-01-10,0.93,89880.9,31802.36,8347.01,9065.03,40666.5,40584.43,16.94,65.13,conventional,2016,Boise
833,36,2015-04-19,0.99,89694.96,56843.62,21630.9,3260.22,7960.22,7953.8,0.0,6.42,conventional,2015,Boise
903,23,2015-07-19,1.09,63958.04,45921.6,5300.3,5565.17,7170.97,6354.45,816.52,0.0,conventional,2015,Boise
127,16,2015-09-06,0.98,637326.79,442545.72,80524.31,13.63,114243.13,49819.37,64423.76,0.0,conventional,2015,MiamiFtLauderdale
307,45,2015-02-15,1.29,353520.71,243991.59,34941.84,77.29,74509.99,38771.73,35738.26,0.0,conventional,2015,MiamiFtLauderdale
437,23,2017-07-23,1.47,546833.62,374063.45,67585.09,421.47,104763.61,35385.93,61377.68,8000.0,conventional,2017,MiamiFtLauderdale
473,7,2017-11-12,1.42,513109.0,336664.0,51672.0,1669.0,123105.0,72870.0,50234.0,0.0,conventional,2017,MiamiFtLauderdale
475,26,2015-06-28,1.21,443970.6,259852.13,79482.73,262.36,104373.38,76411.06,27962.32,0.0,conventional,2015,MiamiFtLauderdale
711,47,2015-02-01,0.95,753300.79,566917.32,74532.61,82.04,111768.82,48097.17,63671.65,0.0,conventional,2015,MiamiFtLauderdale
738,4,2018-02-25,1.36,647233.53,420401.52,51048.05,1505.14,174278.82,120093.14,54105.68,80.0,conventional,2018,MiamiFtLauderdale
853,17,2015-08-30,1.24,362232.28,212188.58,66569.74,73.73,83400.23,59815.95,23581.37,2.91,conventional,2015,MiamiFtLauderdale
133,6,2015-11-15,1.36,99703.72,1803.78,41457.12,107.48,56335.34,55593.12,742.22,0.0,conventional,2015,BuffaloRochester
147,16,2015-09-06,1.56,76139.58,1471.69,49388.48,173.32,25106.09,25092.76,13.33,0.0,conventional,2015,BuffaloRochester
206,34,2015-05-03,1.42,136771.79,946.38,50266.22,81.86,85477.33,84332.05,1102.22,43.06,conventional,2015,BuffaloRochester
507,22,2016-07-24,1.44,104126.3,1156.82,63920.78,61.8,38986.9,34596.9,0.0,4390.0,conventional,2016,BuffaloRochester
513,18,2016-08-21,1.33,119865.41,1543.34,70785.26,43.73,47493.08,46013.08,0.0,1480.0,conventional,2016,BuffaloRochester
557,46,2017-02-12,1.56,135286.7,1773.3,71050.71,110.87,62351.82,58032.13,4319.69,0.0,conventional,2017,BuffaloRochester
626,30,2017-06-04,1.6,145203.51,1453.91,80512.88,57.58,63179.14,59568.9,1656.91,1953.33,conventional,2017,BuffaloRochester
656,24,2015-07-12,1.45,127351.46,1119.38,47294.67,4714.73,74222.68,73796.01,426.67,0.0,conventional,2015,BuffaloRochester
685,21,2016-07-31,1.45,108088.47,1792.17,64652.42,54.78,41589.1,40894.1,0.0,695.0,conventional,2016,BuffaloRochester
808,10,2015-10-18,1.29,106083.75,1536.35,40701.65,58.28,63787.47,62627.47,1160.0,0.0,conventional,2015,BuffaloRochester
824,2,2016-12-11,1.47,89037.86,967.77,62963.23,54.34,25052.52,23315.81,1736.71,0.0,conventional,2016,BuffaloRochester
137,24,2017-07-16,1.28,5529487.17,1989077.36,1484596.99,125816.11,1929996.71,944879.43,980887.97,4229.31,conventional,2017,West
195,42,2017-03-12,0.94,7040683.56,2392258.48,1230878.83,143967.04,3273579.21,2340076.3,928524.91,4978.0,conventional,2017,West
397,7,2017-11-12,1.01,6182298.0,2154560.0,1537208.0,80539.0,2409991.0,1269325.0,1132967.0,7699.0,conventional,2017,West
431,50,2015-01-11,0.95,5333097.71,2203111.92,2292761.26,127412.09,709812.44,598705.08,111073.82,33.54,conventional,2015,West
451,5,2016-11-20,1.1,4944373.81,2005353.24,913021.63,105452.1,1920546.84,1357080.6,562175.85,1290.39,conventional,2016,West
625,2,2018-03-11,1.0,6906412.5,2442241.76,1695925.97,130983.0,2637261.77,1435608.59,1184730.56,16922.62,conventional,2018,West
630,39,2016-03-27,0.78,7081399.02,2701807.88,1651027.14,190076.1,2538487.9,1771851.21,765592.73,1043.96,conventional,2016,West
634,16,2015-09-06,0.93,5900751.95,2682938.17,2086229.79,124722.73,1006861.26,696240.23,310568.88,52.15,conventional,2015,West
700,13,2017-10-01,1.57,4014477.31,1366983.48,1178504.57,43433.94,1425555.32,824834.62,598437.91,2282.79,conventional,2017,West
789,17,2017-09-03,1.53,4369089.47,1652405.87,1036380.46,85016.4,1595286.74,904506.46,684034.46,6745.82,conventional,2017,West
857,38,2017-04-09,1.0,6774200.48,2591478.44,1299808.65,156421.2,2726492.19,1768746.74,954249.03,3496.42,conventional,2017,West
858,48,2016-01-24,0.78,6118107.22,1121790.63,2113196.92,121729.44,2761390.23,1345680.31,1407886.07,7823.85,conventional,2016,West
142,22,2017-07-30,1.29,339850.04,114942.57,39063.15,27664.07,158180.25,133047.25,12487.18,12645.82,conventional,2017,Detroit
231,23,2017-07-23,1.55,267254.47,66396.62,40479.0,30384.25,129994.6,113415.54,2545.08,14033.98,conventional,2017,Detroit
561,21,2017-08-06,1.25,400745.99,101371.87,45320.08,41542.27,212511.77,185661.19,7330.96,19519.62,conventional,2017,Detroit
640,28,2017-06-18,0.85,668936.01,127581.26,129555.86,35982.95,375815.94,349596.64,22971.06,3248.24,conventional,2017,Detroit
684,44,2016-02-21,1.2,247820.38,76211.84,42300.46,62843.26,66464.82,47259.62,10247.76,8957.44,conventional,2016,Detroit
779,14,2016-09-18,1.1,320748.32,105595.83,53981.52,8602.38,152568.59,147793.11,4601.38,174.1,conventional,2016,Detroit
804,41,2016-03-13,1.12,299527.55,82406.98,42593.59,65646.79,108880.19,66513.73,32804.22,9562.24,conventional,2016,Detroit
820,41,2015-03-15,1.13,254974.87,107980.24,31613.46,48302.85,67078.32,62158.56,1375.92,3543.84,conventional,2015,Detroit
145,47,2015-02-01,1.19,10707.5,218.51,9140.29,0.0,1348.7,371.08,977.62,0.0,organic,2015,CincinnatiDayton
223,50,2017-01-15,1.88,6349.77,364.39,5229.29,0.0,756.09,715.87,40.22,0.0,organic,2017,CincinnatiDayton
266,21,2017-08-06,2.06,10853.28,221.48,4752.99,0.0,5808.95,3807.57,2001.38,0.0,organic,2017,CincinnatiDayton
319,1,2017-12-24,1.73,13218.13,444.01,5455.3,0.0,7318.82,3411.75,3907.07,0.0,organic,2017,CincinnatiDayton
376,43,2015-03-01,1.24,10963.48,271.44,9758.15,0.0,933.89,696.67,237.22,0.0,organic,2015,CincinnatiDayton
464,19,2017-08-20,1.92,8698.91,249.33,3687.59,0.0,4705.0,1706.12,2998.88,0.0,organic,2017,CincinnatiDayton
670,43,2016-02-28,1.47,9125.44,414.52,8307.16,0.0,403.76,280.0,123.76,0.0,organic,2016,CincinnatiDayton
785,1,2018-03-18,1.31,28721.72,932.06,10505.06,0.0,17284.6,8746.0,8538.6,0.0,organic,2018,CincinnatiDayton
148,26,2017-07-02,1.31,2223310.81,801224.73,664924.43,28132.18,729029.47,707685.17,6808.01,14536.29,conventional,2017,Plains
173,4,2016-11-27,1.35,1131932.27,520565.84,272840.98,3226.22,335299.23,305277.39,28166.52,1855.32,conventional,2016,Plains
208,4,2015-11-29,1.11,1099646.06,460759.58,364748.79,10648.01,263489.68,248449.51,14157.64,882.53,conventional,2015,Plains
220,41,2016-03-13,0.91,2095165.01,1102893.11,548239.52,49503.76,394528.62,348345.6,43787.46,2395.56,conventional,2016,Plains
278,14,2016-09-18,1.24,1641724.15,826479.75,439168.23,5721.42,370354.75,326207.49,38375.04,5772.22,conventional,2016,Plains
392,45,2016-02-14,0.97,1790822.72,869882.86,525736.46,20578.05,374625.35,340809.47,32439.63,1376.25,conventional,2016,Plains
459,16,2015-09-06,1.12,1714650.22,857114.48,547236.44,15397.86,294901.44,276258.81,17590.29,1052.34,conventional,2015,Plains
502,2,2018-03-11,1.15,2152113.24,917962.76,512519.24,7989.48,713641.76,630813.83,77037.43,5790.5,conventional,2018,Plains
524,25,2016-07-03,1.05,2259572.01,684349.38,761167.83,10691.9,803362.9,717323.25,34035.78,52003.87,conventional,2016,Plains
632,11,2018-01-07,1.17,2103531.72,1026303.18,570087.19,6096.19,501045.16,384809.96,116197.07,38.13,conventional,2018,Plains
709,12,2017-10-08,1.81,1248620.9,579778.92,278087.93,5387.88,385366.17,285269.57,100043.45,53.15,conventional,2017,Plains
775,44,2015-02-22,1.08,1547969.24,818736.11,430679.66,20287.44,278266.03,276280.33,860.21,1125.49,conventional,2015,Plains
791,4,2018-02-25,1.13,2115879.93,879720.97,527659.45,9044.15,699455.36,641489.04,57064.05,902.27,conventional,2018,Plains
880,11,2016-10-09,1.41,1360541.39,589475.12,416484.14,4681.14,349900.99,312195.29,30408.41,7297.29,conventional,2016,Plains
150,48,2016-01-24,1.22,96089.13,545.37,70802.56,68.41,24672.79,23926.35,746.44,0.0,conventional,2016,Albany
152,39,2017-04-02,1.62,92621.11,4530.8,68015.37,97.26,19977.68,6332.44,13645.24,0.0,conventional,2017,Albany
214,3,2018-03-04,1.08,139520.6,12002.12,105069.57,95.62,22353.29,16128.51,5941.45,283.33,conventional,2018,Albany
245,23,2015-07-19,1.26,96617.0,1042.1,82049.4,2238.02,11287.48,11103.49,183.99,0.0,conventional,2015,Albany
303,10,2018-01-14,1.42,95246.38,2897.41,76570.67,44.0,15734.3,10012.8,5721.5,0.0,conventional,2018,Albany
350,6,2016-11-13,1.62,63608.01,3523.63,49837.68,34.0,10212.7,9790.67,422.03,0.0,conventional,2016,Albany
653,28,2017-06-18,1.58,97079.34,2454.01,82154.43,723.07,11747.83,3875.12,6697.71,1175.0,conventional,2017,Albany
877,16,2017-09-10,1.78,99645.88,3368.35,87155.11,136.96,8985.46,4559.36,3672.77,753.33,conventional,2017,Albany
151,42,2016-03-06,1.21,18148.41,1836.96,8499.93,0.0,7811.52,7772.41,39.11,0.0,organic,2016,SanDiego
222,3,2017-12-10,2.05,13284.31,2436.56,6895.21,0.0,3952.54,3952.54,0.0,0.0,organic,2017,SanDiego
358,2,2018-03-11,1.59,25324.3,1328.95,14303.09,0.0,9692.26,9692.26,0.0,0.0,organic,2018,SanDiego
470,12,2017-10-08,2.33,13013.83,754.58,8162.44,0.0,4096.81,4096.81,0.0,0.0,organic,2017,SanDiego
471,33,2015-05-10,1.45,10480.68,2069.73,7045.39,0.0,1365.56,1365.56,0.0,0.0,organic,2015,SanDiego
479,34,2015-05-03,1.41,10506.78,2617.84,6294.57,0.0,1594.37,1594.37,0.0,0.0,organic,2015,SanDiego
553,40,2017-03-26,2.06,14388.05,2883.71,10030.37,0.0,1473.97,686.67,787.3,0.0,organic,2017,SanDiego
659,22,2015-07-26,1.71,10276.01,2844.3,7142.17,0.0,289.54,289.54,0.0,0.0,organic,2015,SanDiego
156,44,2016-02-21,1.05,296932.11,145443.75,50580.83,89.81,100817.72,42824.92,57992.8,0.0,conventional,2016,Orlando
211,33,2016-05-08,0.95,432737.31,213997.13,80588.36,259.09,137892.73,60411.28,77481.45,0.0,conventional,2016,Orlando
298,19,2015-08-16,1.23,240185.69,128769.54,46941.6,91.62,64382.93,45260.21,19122.72,0.0,conventional,2015,Orlando
309,31,2016-05-22,1.17,312532.64,163428.19,55452.91,307.92,93343.62,44788.78,40285.11,8269.73,conventional,2016,Orlando
430,29,2017-06-11,1.41,401365.48,246114.25,41215.61,61.99,113973.63,61632.8,46130.83,6210.0,conventional,2017,Orlando
593,22,2015-07-26,1.22,239841.95,128204.96,51179.38,71.27,60386.34,44878.7,15507.64,0.0,conventional,2015,Orlando
832,1,2016-12-18,0.92,333093.29,113248.41,76982.86,118.25,142743.77,63529.34,79119.99,94.44,conventional,2016,Orlando
887,40,2017-03-26,1.62,281795.07,164358.1,38333.89,88.48,79014.6,44649.55,34365.05,0.0,conventional,2017,Orlando
159,6,2016-11-13,2.99,18930.4,6204.65,9341.41,0.0,3384.34,3337.67,46.67,0.0,organic,2016,SanFrancisco
182,4,2018-02-25,2.11,24475.48,9731.2,11686.51,0.0,3057.77,3057.77,0.0,0.0,organic,2018,SanFrancisco
424,22,2017-07-30,2.14,10110.25,1825.73,3948.19,0.0,4336.33,4326.5,9.83,0.0,organic,2017,SanFrancisco
469,47,2016-01-31,2.3,23630.61,1637.6,21868.98,0.0,124.03,86.82,37.21,0.0,organic,2016,SanFrancisco
537,24,2016-07-10,2.32,29064.21,1759.68,25145.42,0.0,2159.11,2149.11,10.0,0.0,organic,2016,SanFrancisco
589,22,2015-07-26,2.75,15953.01,2892.83,13047.24,0.0,12.94,12.94,0.0,0.0,organic,2015,SanFrancisco
610,14,2016-09-18,2.39,23514.36,1244.2,20050.91,0.0,2219.25,2165.92,53.33,0.0,organic,2016,SanFrancisco
664,31,2016-05-22,2.34,30292.77,1453.65,27106.36,0.0,1732.76,1722.76,10.0,0.0,organic,2016,SanFrancisco
683,34,2016-05-01,1.33,47035.36,1480.41,43790.32,0.0,1764.63,1764.63,0.0,0.0,organic,2016,SanFrancisco
730,31,2015-05-24,1.52,29319.95,19270.32,10024.67,0.0,24.96,24.96,0.0,0.0,organic,2015,SanFrancisco
167,6,2017-11-19,1.36,476236.0,11494.0,341486.0,2365.0,120892.0,77117.0,43775.0,0.0,conventional,2017,Boston
252,14,2017-09-24,1.62,498019.71,10697.54,384522.4,1718.59,101081.18,67635.26,33422.59,23.33,conventional,2017,Boston
351,51,2015-01-04,1.02,491738.0,7193.87,396752.18,128.82,87663.13,87406.84,256.29,0.0,conventional,2015,Boston
441,39,2017-04-02,1.56,571902.2,7962.51,427483.9,3484.11,132971.68,115541.17,17430.51,0.0,conventional,2017,Boston
491,1,2015-12-20,1.07,489802.88,4912.37,390100.99,5887.72,88901.8,88768.47,133.33,0.0,conventional,2015,Boston
542,30,2016-05-29,1.08,673496.13,7708.04,461424.99,72848.75,131514.35,129466.02,142.22,1906.11,conventional,2016,Boston
721,51,2017-01-08,1.09,730358.49,7543.51,605624.94,9300.68,107889.36,107796.03,93.33,0.0,conventional,2017,Boston
731,25,2017-07-09,1.69,560021.69,8735.91,464670.36,3962.9,82652.52,75760.19,4052.33,2840.0,conventional,2017,Boston
904,43,2015-03-01,1.11,485736.1,4106.42,383573.77,192.98,97862.93,97423.17,439.76,0.0,conventional,2015,Boston
179,38,2017-04-09,1.27,145196.59,77305.55,12263.89,83.21,55543.94,55522.64,21.3,0.0,conventional,2017,StLouis
296,6,2015-11-15,1.07,160185.59,62810.86,28499.99,14.91,68859.83,61782.77,7074.83,2.23,conventional,2015,StLouis
366,51,2017-01-08,1.11,152614.52,65552.6,10274.73,133.06,76654.13,58010.46,18595.06,48.61,conventional,2017,StLouis
499,12,2017-10-08,1.83,127591.09,50280.03,6489.27,77.53,70744.26,51510.04,19224.32,9.9,conventional,2017,StLouis
563,18,2016-08-21,1.03,184060.51,45178.55,23409.71,167.07,115305.18,98022.8,6778.23,10504.15,conventional,2016,StLouis
660,47,2015-02-01,1.1,308371.9,209893.28,48651.4,59.1,49768.12,49768.12,0.0,0.0,conventional,2015,StLouis
719,5,2016-11-20,1.29,99930.79,40938.28,8785.62,86.33,50120.56,35284.71,14835.85,0.0,conventional,2016,StLouis
787,34,2016-05-01,0.79,256180.45,99574.26,10728.95,42.66,145834.58,126405.83,19398.2,30.55,conventional,2016,StLouis
870,24,2016-07-10,0.74,314847.96,61310.0,22958.74,663.38,229915.84,204560.07,13138.25,12217.52,conventional,2016,StLouis
