data/avocado_new.csv
,Unnamed: 0,Date,AveragePrice,Total Volume,4046,4225,4770,Total Bags,Small Bags,Large Bags,XLarge Bags,type,year,region
180,51,2017-01-08,1.25,369468.59,5105.33,315473.05,306.22,48583.99,47415.32,1168.67,0.0,conventional,2017,HartfordSpringfield
183,40,2017-03-26,1.58,270398.76,7860.88,203663.76,1524.94,57349.18,56284.03,862.37,202.78,conventional,2017,HartfordSpringfield
323,8,2015-11-01,1.16,326067.03,4471.3,271817.93,288.44,49489.36,44831.2,4658.16,0.0,conventional,2015,HartfordSpringfield
458,30,2015-05-31,1.33,319502.82,4974.69,237651.14,142.52,76734.47,74809.0,1925.47,0.0,conventional,2015,HartfordSpringfield
498,23,2017-07-23,1.59,264308.37,8142.48,201585.67,62.7,54517.52,49946.51,3071.01,1500.0,conventional,2017,HartfordSpringfield
510,35,2015-04-26,1.36,277178.42,4159.5,206008.87,229.9,66780.15,64008.53,2693.84,77.78,conventional,2015,HartfordSpringfield
618,1,2015-12-20,1.18,264155.74,4806.75,212205.34,184.96,46958.69,45981.69,977.0,0.0,conventional,2015,HartfordSpringfield
642,16,2016-09-04,1.54,279628.17,10730.88,199814.2,842.34,68240.75,67173.12,733.63,334.0,conventional,2016,HartfordSpringfield
647,34,2015-05-03,1.25,329589.03,4005.44,255378.5,539.0,69666.09,66957.03,2709.06,0.0,conventional,2015,HartfordSpringfield
717,46,2017-02-12,1.14,395980.22,85641.41,249990.68,2290.06,58058.07,54676.58,2761.55,619.94,conventional,2017,HartfordSpringfield
839,11,2016-10-09,1.62,231063.21,7855.45,171100.57,274.57,51832.62,51617.66,39.96,175.0,conventional,2016,HartfordSpringfield
847,9,2016-10-23,1.78,213547.17,4201.36,152903.95,194.14,56247.72,56074.0,104.28,69.44,conventional,2016,HartfordSpringfield
894,5,2016-11-20,1.62,240655.78,4755.3,168091.33,122.4,67686.75,66362.72,1324.03,0.0,conventional,2016,HartfordSpringfield
185,25,2017-07-09,2.48,59563.6,3895.32,21115.87,1931.13,32621.28,32621.28,0.0,0.0,organic,2017,NewYork
215,15,2015-09-13,2.18,14667.53,2210.93,9782.05,815.6,1858.95,1855.37,3.58,0.0,organic,2015,NewYork
268,16,2015-09-06,2.01,19296.46,3451.5,11143.02,1178.79,3523.15,3330.55,192.6,0.0,organic,2015,NewYork
287,22,2015-07-26,1.91,12784.61,2931.11,8850.03,45.12,958.35,958.35,0.0,0.0,organic,2015,NewYork
318,40,2017-03-26,2.18,87897.32,12071.11,41311.15,90.5,34424.56,34341.53,83.03,0.0,organic,2017,NewYork
411,34,2015-05-03,2.14,18576.24,2667.08,11540.21,505.84,3863.11,3832.24,30.87,0.0,organic,2015,NewYork
492,42,2017-03-12,2.26,93328.69,9962.52,40186.45,162.33,43017.39,43017.39,0.0,0.0,organic,2017,NewYork
667,39,2015-03-29,2.08,16567.2,4160.87,9765.56,85.52,2555.25,2555.25,0.0,0.0,organic,2015,NewYork
707,30,2017-06-04,2.06,112812.77,17822.91,52648.14,1178.91,41162.81,39892.76,1270.05,0.0,organic,2017,NewYork
737,47,2017-02-05,2.03,58560.14,7829.32,20623.8,197.9,29909.12,29581.48,327.64,0.0,organic,2017,NewYork
805,13,2015-09-27,2.22,17054.18,2222.04,12986.86,536.67,1308.61,898.99,409.62,0.0,organic,2015,NewYork
202,26,2015-06-28,1.54,646324.68,154423.58,377054.83,29603.67,85242.6,84459.27,783.33,0.0,conventional,2015,SanFrancisco
297,15,2015-09-13,1.53,603840.95,110779.86,367833.98,48322.55,76904.56,76151.26,734.16,19.14,conventional,2015,SanFrancisco
310,30,2016-05-29,1.34,891069.03,304281.47,462079.65,52673.73,72034.18,70154.87,676.56,1202.75,conventional,2016,SanFrancisco
330,37,2017-04-16,1.69,670281.46,229167.93,349889.27,4769.39,86454.87,84582.49,250.71,1621.67,conventional,2017,SanFrancisco
374,48,2015-01-25,1.21,713523.24,127276.45,481792.41,21293.67,83160.71,82293.47,796.67,70.57,conventional,2015,SanFrancisco
378,16,2016-09-04,1.47,850104.12,203090.38,552428.86,10836.96,83747.92,82334.2,962.33,451.39,conventional,2016,SanFrancisco
387,1,2018-03-18,1.38,777300.99,215279.75,435108.21,2698.44,124214.59,119694.95,92.29,4427.35,conventional,2018,SanFrancisco
393,4,2016-11-27,1.75,488378.1,118187.03,297882.68,2393.35,69915.04,67676.02,1584.02,655.0,conventional,2016,SanFrancisco
570,8,2017-11-05,1.41,787625.8,261561.33,435912.81,3140.0,87011.66,84961.32,94.01,1956.33,conventional,2017,SanFrancisco
780,20,2016-08-07,1.49,753570.45,189861.8,463372.96,28987.5,71348.19,70181.66,869.31,297.22,conventional,2016,SanFrancisco
226,32,2017-05-21,1.8,8800.59,1981.17,258.64,0.0,6560.78,5043.23,1517.55,0.0,organic,2017,Orlando
251,19,2017-08-20,2.21,8464.73,807.9,1910.94,0.0,5745.89,5739.22,6.67,0.0,organic,2017,Orlando
259,49,2016-01-17,1.77,3490.69,2447.83,72.86,0.0,970.0,966.67,3.33,0.0,organic,2016,Orlando
455,4,2018-02-25,1.41,10092.35,230.59,806.41,0.0,9055.35,8597.78,457.57,0.0,organic,2018,Orlando
522,8,2018-01-28,1.67,8402.79,197.96,1131.65,0.0,7073.18,5671.11,1402.07,0.0,organic,2018,Orlando
584,16,2016-09-04,1.85,6266.14,2496.83,245.98,0.0,3523.33,3500.0,23.33,0.0,organic,2016,Orlando
757,3,2018-03-04,1.58,10599.98,361.71,1244.48,0.0,8993.79,7341.04,1652.75,0.0,organic,2018,Orlando
891,10,2015-10-18,2.18,2804.82,1876.78,48.04,0.0,880.0,880.0,0.0,0.0,organic,2015,Orlando
238,13,2016-09-25,1.69,808891.94,119993.58,272553.74,4407.75,411936.87,289496.36,122440.51,0.0,organic,2016,TotalUS
272,39,2017-04-02,1.42,1492167.41,183101.86,430841.87,3767.76,874455.92,557296.92,317159.0,0.0,organic,2017,TotalUS
293,4,2017-12-03,1.62,1119325.0,99317.88,269450.85,1108.2,749121.8,592524.24,156438.84,158.72,organic,2017,TotalUS
439,48,2015-01-25,1.53,556368.86,207494.87,212312.02,4753.87,131808.1,95964.83,35843.27,0.0,organic,2015,TotalUS
487,6,2018-02-11,1.56,1317000.47,98465.26,270798.27,1839.8,945638.02,768242.42,177144.0,251.6,organic,2018,TotalUS
488,6,2016-11-13,1.7,863948.15,110018.79,257268.83,3669.98,492990.55,322666.23,170324.32,0.0,organic,2016,TotalUS
572,31,2015-05-24,1.59,714266.31,234692.14,293553.99,6911.26,179108.92,116181.11,62927.81,0.0,organic,2015,TotalUS
680,30,2016-05-29,1.41,1085152.56,137449.41,468311.32,13698.09,465693.74,349592.45,116101.29,0.0,organic,2016,TotalUS
883,51,2015-01-04,1.46,612910.15,233286.13,216611.2,4370.99,158641.83,115068.71,43573.12,0.0,organic,2015,TotalUS
343,26,2016-06-26,1.39,110772.26,1415.16,59568.48,1294.29,48494.33,32965.11,13454.22,2075.0,conventional,2016,Pittsburgh
454,44,2016-02-21,1.23,84755.36,1353.29,57902.7,1371.78,24127.59,18779.08,5348.51,0.0,conventional,2016,Pittsburgh
601,12,2017-10-08,1.6,84870.68,35817.02,10330.12,1240.8,37482.74,29940.23,7542.51,0.0,conventional,2017,Pittsburgh
627,9,2016-10-23,1.3,90368.85,25223.29,26247.81,1185.68,37712.07,32229.69,5482.38,0.0,conventional,2016,Pittsburgh
673,6,2016-11-13,1.26,86306.22,22929.76,26629.2,1041.38,35705.88,31047.93,4657.95,0.0,conventional,2016,Pittsburgh
765,37,2016-04-10,1.18,102684.74,1736.95,57325.73,1600.52,42021.54,28213.82,13807.72,0.0,conventional,2016,Pittsburgh
800,8,2018-01-28,1.23,119606.35,37562.68,19312.87,1415.85,61314.95,42492.34,18822.61,0.0,conventional,2018,Pittsburgh
882,17,2016-08-28,1.4,89247.85,10388.44,43896.41,1021.81,33941.19,30513.25,2362.94,1065.0,conventional,2016,Pittsburgh
